Archive member included to satisfy reference by file (symbol)

c:/progra~2/gnuarm~1/102021~1.10/bin/../lib/gcc/arm-none-eabi/10.3.1/../../../../arm-none-eabi/lib/thumb/v7e-m/nofp\libg.a(lib_a-errno.o)
                              CMakeFiles/F429Standard.elf.dir/User/Source/syscalls.c.obj (__errno)
c:/progra~2/gnuarm~1/102021~1.10/bin/../lib/gcc/arm-none-eabi/10.3.1/../../../../arm-none-eabi/lib/thumb/v7e-m/nofp\libg.a(lib_a-exit.o)
                              c:/progra~2/gnuarm~1/102021~1.10/bin/../lib/gcc/arm-none-eabi/10.3.1/../../../../arm-none-eabi/lib/thumb/v7e-m/nofp/crt0.o (exit)
c:/progra~2/gnuarm~1/102021~1.10/bin/../lib/gcc/arm-none-eabi/10.3.1/../../../../arm-none-eabi/lib/thumb/v7e-m/nofp\libg.a(lib_a-impure.o)
                              c:/progra~2/gnuarm~1/102021~1.10/bin/../lib/gcc/arm-none-eabi/10.3.1/../../../../arm-none-eabi/lib/thumb/v7e-m/nofp\libg.a(lib_a-exit.o) (_global_impure_ptr)
c:/progra~2/gnuarm~1/102021~1.10/bin/../lib/gcc/arm-none-eabi/10.3.1/../../../../arm-none-eabi/lib/thumb/v7e-m/nofp\libg.a(lib_a-init.o)
                              c:/progra~2/gnuarm~1/102021~1.10/bin/../lib/gcc/arm-none-eabi/10.3.1/../../../../arm-none-eabi/lib/thumb/v7e-m/nofp/crt0.o (__libc_init_array)
c:/progra~2/gnuarm~1/102021~1.10/bin/../lib/gcc/arm-none-eabi/10.3.1/../../../../arm-none-eabi/lib/thumb/v7e-m/nofp\libg.a(lib_a-memset.o)
                              c:/progra~2/gnuarm~1/102021~1.10/bin/../lib/gcc/arm-none-eabi/10.3.1/../../../../arm-none-eabi/lib/thumb/v7e-m/nofp/crt0.o (memset)
c:/progra~2/gnuarm~1/102021~1.10/bin/../lib/gcc/arm-none-eabi/10.3.1/../../../../arm-none-eabi/lib/thumb/v7e-m/nofp\libg.a(lib_a-setvbuf.o)
                              CMakeFiles/F429Standard.elf.dir/User/Source/retarget.c.obj (setvbuf)
c:/progra~2/gnuarm~1/102021~1.10/bin/../lib/gcc/arm-none-eabi/10.3.1/../../../../arm-none-eabi/lib/thumb/v7e-m/nofp\libg.a(lib_a-__call_atexit.o)
                              c:/progra~2/gnuarm~1/102021~1.10/bin/../lib/gcc/arm-none-eabi/10.3.1/../../../../arm-none-eabi/lib/thumb/v7e-m/nofp\libg.a(lib_a-exit.o) (__call_exitprocs)
c:/progra~2/gnuarm~1/102021~1.10/bin/../lib/gcc/arm-none-eabi/10.3.1/../../../../arm-none-eabi/lib/thumb/v7e-m/nofp\libg.a(lib_a-atexit.o)
                              c:/progra~2/gnuarm~1/102021~1.10/bin/../lib/gcc/arm-none-eabi/10.3.1/../../../../arm-none-eabi/lib/thumb/v7e-m/nofp\libg.a(lib_a-__call_atexit.o) (atexit)
c:/progra~2/gnuarm~1/102021~1.10/bin/../lib/gcc/arm-none-eabi/10.3.1/../../../../arm-none-eabi/lib/thumb/v7e-m/nofp\libg.a(lib_a-fflush.o)
                              c:/progra~2/gnuarm~1/102021~1.10/bin/../lib/gcc/arm-none-eabi/10.3.1/../../../../arm-none-eabi/lib/thumb/v7e-m/nofp\libg.a(lib_a-setvbuf.o) (_fflush_r)
c:/progra~2/gnuarm~1/102021~1.10/bin/../lib/gcc/arm-none-eabi/10.3.1/../../../../arm-none-eabi/lib/thumb/v7e-m/nofp\libg.a(lib_a-findfp.o)
                              c:/progra~2/gnuarm~1/102021~1.10/bin/../lib/gcc/arm-none-eabi/10.3.1/../../../../arm-none-eabi/lib/thumb/v7e-m/nofp\libg.a(lib_a-setvbuf.o) (__sinit)
c:/progra~2/gnuarm~1/102021~1.10/bin/../lib/gcc/arm-none-eabi/10.3.1/../../../../arm-none-eabi/lib/thumb/v7e-m/nofp\libg.a(lib_a-fini.o)
                              c:/progra~2/gnuarm~1/102021~1.10/bin/../lib/gcc/arm-none-eabi/10.3.1/../../../../arm-none-eabi/lib/thumb/v7e-m/nofp\libg.a(lib_a-__call_atexit.o) (__libc_fini_array)
c:/progra~2/gnuarm~1/102021~1.10/bin/../lib/gcc/arm-none-eabi/10.3.1/../../../../arm-none-eabi/lib/thumb/v7e-m/nofp\libg.a(lib_a-freer.o)
                              c:/progra~2/gnuarm~1/102021~1.10/bin/../lib/gcc/arm-none-eabi/10.3.1/../../../../arm-none-eabi/lib/thumb/v7e-m/nofp\libg.a(lib_a-setvbuf.o) (_free_r)
c:/progra~2/gnuarm~1/102021~1.10/bin/../lib/gcc/arm-none-eabi/10.3.1/../../../../arm-none-eabi/lib/thumb/v7e-m/nofp\libg.a(lib_a-fwalk.o)
                              c:/progra~2/gnuarm~1/102021~1.10/bin/../lib/gcc/arm-none-eabi/10.3.1/../../../../arm-none-eabi/lib/thumb/v7e-m/nofp\libg.a(lib_a-findfp.o) (_fwalk)
c:/progra~2/gnuarm~1/102021~1.10/bin/../lib/gcc/arm-none-eabi/10.3.1/../../../../arm-none-eabi/lib/thumb/v7e-m/nofp\libg.a(lib_a-lock.o)
                              c:/progra~2/gnuarm~1/102021~1.10/bin/../lib/gcc/arm-none-eabi/10.3.1/../../../../arm-none-eabi/lib/thumb/v7e-m/nofp\libg.a(lib_a-findfp.o) (__retarget_lock_init_recursive)
c:/progra~2/gnuarm~1/102021~1.10/bin/../lib/gcc/arm-none-eabi/10.3.1/../../../../arm-none-eabi/lib/thumb/v7e-m/nofp\libg.a(lib_a-makebuf.o)
                              c:/progra~2/gnuarm~1/102021~1.10/bin/../lib/gcc/arm-none-eabi/10.3.1/../../../../arm-none-eabi/lib/thumb/v7e-m/nofp\libg.a(lib_a-setvbuf.o) (__swhatbuf_r)
c:/progra~2/gnuarm~1/102021~1.10/bin/../lib/gcc/arm-none-eabi/10.3.1/../../../../arm-none-eabi/lib/thumb/v7e-m/nofp\libg.a(lib_a-malloc.o)
[...]
Memory Configuration

Name             Origin             Length             Attributes
CCMRAM           0x10000000         0x00010000         xrw
RAM              0x20000000         0x00030000         xrw
FLASH            0x08000000         0x00100000         xr
*default*        0x00000000         0xffffffff

Linker script and memory map

LOAD c:/progra~2/gnuarm~1/102021~1.10/bin/../lib/gcc/arm-none-eabi/10.3.1/thumb/v7e-m/nofp/crti.o
LOAD c:/progra~2/gnuarm~1/102021~1.10/bin/../lib/gcc/arm-none-eabi/10.3.1/thumb/v7e-m/nofp/crtbegin.o
LOAD c:/progra~2/gnuarm~1/102021~1.10/bin/../lib/gcc/arm-none-eabi/10.3.1/../../../../arm-none-eabi/lib/thumb/v7e-m/nofp/crt0.o
LOAD CMakeFiles/F429Standard.elf.dir/Libraries/CMSIS/Device/ST/STM32F4xx/Source/Templates/system_stm32f4xx.c.obj
LOAD CMakeFiles/F429Standard.elf.dir/Libraries/STM32F4xx_StdPeriph_Driver/src/misc.c.obj
LOAD CMakeFiles/F429Standard.elf.dir/Libraries/STM32F4xx_StdPeriph_Driver/src/stm32f4xx_adc.c.obj
LOAD CMakeFiles/F429Standard.elf.dir/Libraries/STM32F4xx_StdPeriph_Driver/src/stm32f4xx_can.c.obj
LOAD CMakeFiles/F429Standard.elf.dir/Libraries/STM32F4xx_StdPeriph_Driver/src/stm32f4xx_cec.c.obj
LOAD CMakeFiles/F429Standard.elf.dir/Libraries/STM32F4xx_StdPeriph_Driver/src/stm32f4xx_crc.c.obj
LOAD CMakeFiles/F429Standard.elf.dir/Libraries/STM32F4xx_StdPeriph_Driver/src/stm32f4xx_cryp.c.obj
LOAD CMakeFiles/F429Standard.elf.dir/Libraries/STM32F4xx_StdPeriph_Driver/src/stm32f4xx_cryp_aes.c.obj
LOAD CMakeFiles/F429Standard.elf.dir/Libraries/STM32F4xx_StdPeriph_Driver/src/stm32f4xx_cryp_des.c.obj
LOAD CMakeFiles/F429Standard.elf.dir/Libraries/STM32F4xx_StdPeriph_Driver/src/stm32f4xx_cryp_tdes.c.obj
LOAD CMakeFiles/F429Standard.elf.dir/Libraries/STM32F4xx_StdPeriph_Driver/src/stm32f4xx_dac.c.obj
LOAD CMakeFiles/F429Standard.elf.dir/Libraries/STM32F4xx_StdPeriph_Driver/src/stm32f4xx_dbgmcu.c.obj
LOAD CMakeFiles/F429Standard.elf.dir/Libraries/STM32F4xx_StdPeriph_Driver/src/stm32f4xx_dcmi.c.obj
LOAD CMakeFiles/F429Standard.elf.dir/Libraries/STM32F4xx_StdPeriph_Driver/src/stm32f4xx_dma.c.obj
LOAD CMakeFiles/F429Standard.elf.dir/Libraries/STM32F4xx_StdPeriph_Driver/src/stm32f4xx_dma2d.c.obj
LOAD CMakeFiles/F429Standard.elf.dir/Libraries/STM32F4xx_StdPeriph_Driver/src/stm32f4xx_exti.c.obj
LOAD CMakeFiles/F429Standard.elf.dir/Libraries/STM32F4xx_StdPeriph_Driver/src/stm32f4xx_flash.c.obj
LOAD CMakeFiles/F429Standard.elf.dir/Libraries/STM32F4xx_StdPeriph_Driver/src/stm32f4xx_flash_ramfunc.c.obj
LOAD CMakeFiles/F429Standard.elf.dir/Libraries/STM32F4xx_StdPeriph_Driver/src/stm32f4xx_fmc.c.obj
LOAD CMakeFiles/F429Standard.elf.dir/Libraries/STM32F4xx_StdPeriph_Driver/src/stm32f4xx_fmpi2c.c.obj
LOAD CMakeFiles/F429Standard.elf.dir/Libraries/STM32F4xx_StdPeriph_Driver/src/stm32f4xx_gpio.c.obj
LOAD CMakeFiles/F429Standard.elf.dir/Libraries/STM32F4xx_StdPeriph_Driver/src/stm32f4xx_hash.c.obj
LOAD CMakeFiles/F429Standard.elf.dir/Libraries/STM32F4xx_StdPeriph_Driver/src/stm32f4xx_hash_md5.c.obj
LOAD CMakeFiles/F429Standard.elf.dir/Libraries/STM32F4xx_StdPeriph_Driver/src/stm32f4xx_hash_sha1.c.obj
LOAD CMakeFiles/F429Standard.elf.dir/Libraries/STM32F4xx_StdPeriph_Driver/src/stm32f4xx_i2c.c.obj
LOAD CMakeFiles/F429Standard.elf.dir/Libraries/STM32F4xx_StdPeriph_Driver/src/stm32f4xx_iwdg.c.obj
LOAD CMakeFiles/F429Standard.elf.dir/Libraries/STM32F4xx_StdPeriph_Driver/src/stm32f4xx_ltdc.c.obj
LOAD CMakeFiles/F429Standard.elf.dir/Libraries/STM32F4xx_StdPeriph_Driver/src/stm32f4xx_pwr.c.obj
LOAD CMakeFiles/F429Standard.elf.dir/Libraries/STM32F4xx_StdPeriph_Driver/src/stm32f4xx_qspi.c.obj
LOAD CMakeFiles/F429Standard.elf.dir/Libraries/STM32F4xx_StdPeriph_Driver/src/stm32f4xx_rcc.c.obj
LOAD CMakeFiles/F429Standard.elf.dir/Libraries/STM32F4xx_StdPeriph_Driver/src/stm32f4xx_rng.c.obj
LOAD CMakeFiles/F429Standard.elf.dir/Libraries/STM32F4xx_StdPeriph_Driver/src/stm32f4xx_rtc.c.obj
LOAD CMakeFiles/F429Standard.elf.dir/Libraries/STM32F4xx_StdPeriph_Driver/src/stm32f4xx_sai.c.obj
LOAD CMakeFiles/F429Standard.elf.dir/Libraries/STM32F4xx_StdPeriph_Driver/src/stm32f4xx_sdio.c.obj
LOAD CMakeFiles/F429Standard.elf.dir/Libraries/STM32F4xx_StdPeriph_Driver/src/stm32f4xx_spdifrx.c.obj
LOAD CMakeFiles/F429Standard.elf.dir/Libraries/STM32F4xx_StdPeriph_Driver/src/stm32f4xx_spi.c.obj
LOAD CMakeFiles/F429Standard.elf.dir/Libraries/STM32F4xx_StdPeriph_Driver/src/stm32f4xx_syscfg.c.obj
LOAD CMakeFiles/F429Standard.elf.dir/Libraries/STM32F4xx_StdPeriph_Driver/src/stm32f4xx_tim.c.obj
LOAD CMakeFiles/F429Standard.elf.dir/Libraries/STM32F4xx_StdPeriph_Driver/src/stm32f4xx_usart.c.obj
LOAD CMakeFiles/F429Standard.elf.dir/Libraries/STM32F4xx_StdPeriph_Driver/src/stm32f4xx_wwdg.c.obj
LOAD CMakeFiles/F429Standard.elf.dir/Startup/startup_stm32f429_439xx.s.obj
LOAD CMakeFiles/F429Standard.elf.dir/User/Source/bsp_key.c.obj
LOAD CMakeFiles/F429Standard.elf.dir/User/Source/bsp_led.c.obj
LOAD CMakeFiles/F429Standard.elf.dir/User/Source/bsp_systick.c.obj
LOAD CMakeFiles/F429Standard.elf.dir/User/Source/bsp_usart.c.obj
LOAD CMakeFiles/F429Standard.elf.dir/User/Source/main.c.obj
LOAD CMakeFiles/F429Standard.elf.dir/User/Source/retarget.c.obj
LOAD CMakeFiles/F429Standard.elf.dir/User/Source/stm32f4xx_it.c.obj
LOAD CMakeFiles/F429Standard.elf.dir/User/Source/syscalls.c.obj
START GROUP
LOAD c:/progra~2/gnuarm~1/102021~1.10/bin/../lib/gcc/arm-none-eabi/10.3.1/thumb/v7e-m/nofp\libgcc.a
LOAD c:/progra~2/gnuarm~1/102021~1.10/bin/../lib/gcc/arm-none-eabi/10.3.1/../../../../arm-none-eabi/lib/thumb/v7e-m/nofp\libg.a
LOAD c:/progra~2/gnuarm~1/102021~1.10/bin/../lib/gcc/arm-none-eabi/10.3.1/../../../../arm-none-eabi/lib/thumb/v7e-m/nofp\libc.a
END GROUP
LOAD c:/progra~2/gnuarm~1/102021~1.10/bin/../lib/gcc/arm-none-eabi/10.3.1/thumb/v7e-m/nofp/crtend.o
LOAD c:/progra~2/gnuarm~1/102021~1.10/bin/../lib/gcc/arm-none-eabi/10.3.1/thumb/v7e-m/nofp/crtn.o
                0x20030000                _estack = (ORIGIN (RAM) + LENGTH (RAM))
                0x00000200                _Min_Heap_Size = 0x200
                0x00000400                _Min_Stack_Size = 0x400

.isr_vector     0x08000000      0x1ac
                0x08000000                . = ALIGN (0x4)
 *(.isr_vector)
 .isr_vector    0x08000000      0x1ac CMakeFiles/F429Standard.elf.dir/Startup/startup_stm32f429_439xx.s.obj
                0x08000000                g_pfnVectors
                0x080001ac                . = ALIGN (0x4)

.text           0x080001ac      0x508
                0x080001ac                . = ALIGN (0x4)
 *(.text)
 .text          0x080001ac       0x40 c:/progra~2/gnuarm~1/102021~1.10/bin/../lib/gcc/arm-none-eabi/10.3.1/thumb/v7e-m/nofp/crtbegin.o
 *(.text*)
 .text.SetSysClock
                0x080001ec       0xec CMakeFiles/F429Standard.elf.dir/Libraries/CMSIS/Device/ST/STM32F4xx/Source/Templates/system_stm32f4xx.c.obj
 .text.SystemInit
                0x080002d8       0x44 CMakeFiles/F429Standard.elf.dir/Libraries/CMSIS/Device/ST/STM32F4xx/Source/Templates/system_stm32f4xx.c.obj
                0x080002d8                SystemInit
 .text.GPIO_Init
                0x0800031c       0xa6 CMakeFiles/F429Standard.elf.dir/Libraries/STM32F4xx_StdPeriph_Driver/src/stm32f4xx_gpio.c.obj
                0x0800031c                GPIO_Init
 .text.GPIO_ReadInputDataBit
                0x080003c2        0xe CMakeFiles/F429Standard.elf.dir/Libraries/STM32F4xx_StdPeriph_Driver/src/stm32f4xx_gpio.c.obj
                0x080003c2                GPIO_ReadInputDataBit
 .text.RCC_AHB1PeriphClockCmd
                0x080003d0       0x1c CMakeFiles/F429Standard.elf.dir/Libraries/STM32F4xx_StdPeriph_Driver/src/stm32f4xx_rcc.c.obj
                0x080003d0                RCC_AHB1PeriphClockCmd
 .text.Reset_Handler
                0x080003ec       0x50 CMakeFiles/F429Standard.elf.dir/Startup/startup_stm32f429_439xx.s.obj
                0x080003ec                Reset_Handler
 .text.Default_Handler
                0x0800043c        0x2 CMakeFiles/F429Standard.elf.dir/Startup/startup_stm32f429_439xx.s.obj
                0x0800043c                RTC_Alarm_IRQHandler
                0x0800043c                HASH_RNG_IRQHandler
                0x0800043c                EXTI2_IRQHandler
                0x0800043c                TIM8_CC_IRQHandler
                0x0800043c                UART8_IRQHandler
                0x0800043c                SPI4_IRQHandler
                0x0800043c                TIM1_CC_IRQHandler
                0x0800043c                DMA2_Stream5_IRQHandler
                0x0800043c                DMA1_Stream5_IRQHandler
                0x0800043c                PVD_IRQHandler
                0x0800043c                SDIO_IRQHandler
                0x0800043c                TAMP_STAMP_IRQHandler
                0x0800043c                CAN2_RX1_IRQHandler
                0x0800043c                EXTI3_IRQHandler
                0x0800043c                TIM8_TRG_COM_TIM14_IRQHandler
                0x0800043c                TIM1_UP_TIM10_IRQHandler
                0x0800043c                TIM8_UP_TIM13_IRQHandler
                0x0800043c                I2C3_ER_IRQHandler
                0x0800043c                EXTI0_IRQHandler
                0x0800043c                I2C2_EV_IRQHandler
                0x0800043c                DMA1_Stream2_IRQHandler
                0x0800043c                CAN1_RX0_IRQHandler
                0x0800043c                FPU_IRQHandler
                0x0800043c                OTG_HS_WKUP_IRQHandler
                0x0800043c                LTDC_ER_IRQHandler
                0x0800043c                CAN2_SCE_IRQHandler
                0x0800043c                DMA2_Stream2_IRQHandler
                0x0800043c                SPI1_IRQHandler
                0x0800043c                TIM6_DAC_IRQHandler
                0x0800043c                TIM1_BRK_TIM9_IRQHandler
                0x0800043c                DCMI_IRQHandler
                0x0800043c                CAN2_RX0_IRQHandler
                0x0800043c                DMA2_Stream3_IRQHandler
                0x0800043c                USART6_IRQHandler
                0x0800043c                USART3_IRQHandler
                0x0800043c                CAN1_RX1_IRQHandler
                0x0800043c                UART5_IRQHandler
                0x0800043c                DMA2_Stream0_IRQHandler
                0x0800043c                TIM4_IRQHandler
                0x0800043c                I2C1_EV_IRQHandler
                0x0800043c                DMA1_Stream6_IRQHandler
                0x0800043c                DMA1_Stream1_IRQHandler
                0x0800043c                UART4_IRQHandler
                0x0800043c                TIM3_IRQHandler
                0x0800043c                RCC_IRQHandler
                0x0800043c                TIM8_BRK_TIM12_IRQHandler
                0x0800043c                Default_Handler
                0x0800043c                EXTI15_10_IRQHandler
                0x0800043c                ADC_IRQHandler
                0x0800043c                DMA1_Stream7_IRQHandler
                0x0800043c                SPI5_IRQHandler
                0x0800043c                TIM7_IRQHandler
                0x0800043c                CAN2_TX_IRQHandler
                0x0800043c                TIM5_IRQHandler
                0x0800043c                DMA2_Stream7_IRQHandler
                0x0800043c                I2C3_EV_IRQHandler
                0x0800043c                EXTI9_5_IRQHandler
                0x0800043c                RTC_WKUP_IRQHandler
                0x0800043c                LTDC_IRQHandler
                0x0800043c                ETH_WKUP_IRQHandler
                0x0800043c                SPI2_IRQHandler
                0x0800043c                OTG_HS_EP1_IN_IRQHandler
                0x0800043c                DMA1_Stream0_IRQHandler
                0x0800043c                CAN1_TX_IRQHandler
                0x0800043c                EXTI4_IRQHandler
                0x0800043c                ETH_IRQHandler
                0x0800043c                OTG_HS_EP1_OUT_IRQHandler
                0x0800043c                WWDG_IRQHandler
                0x0800043c                SPI6_IRQHandler
                0x0800043c                TIM2_IRQHandler
                0x0800043c                OTG_FS_WKUP_IRQHandler
                0x0800043c                TIM1_TRG_COM_TIM11_IRQHandler
                0x0800043c                OTG_HS_IRQHandler
                0x0800043c                DMA2D_IRQHandler
                0x0800043c                EXTI1_IRQHandler
                0x0800043c                UART7_IRQHandler
                0x0800043c                USART2_IRQHandler
                0x0800043c                I2C2_ER_IRQHandler
                0x0800043c                DMA2_Stream1_IRQHandler
                0x0800043c                CAN1_SCE_IRQHandler
                0x0800043c                FLASH_IRQHandler
                0x0800043c                DMA2_Stream4_IRQHandler
                0x0800043c                USART1_IRQHandler
                0x0800043c                OTG_FS_IRQHandler
                0x0800043c                SPI3_IRQHandler
                0x0800043c                DMA1_Stream4_IRQHandler
                0x0800043c                I2C1_ER_IRQHandler
                0x0800043c                FMC_IRQHandler
                0x0800043c                DMA2_Stream6_IRQHandler
                0x0800043c                SAI1_IRQHandler
                0x0800043c                DMA1_Stream3_IRQHandler
 *fill*         0x0800043e        0x2 
 .text.Key_GPIO_Config
                0x08000440       0x48 CMakeFiles/F429Standard.elf.dir/User/Source/bsp_key.c.obj
                0x08000440                Key_GPIO_Config
 .text.Key_Scan
                0x08000488       0x24 CMakeFiles/F429Standard.elf.dir/User/Source/bsp_key.c.obj
                0x08000488                Key_Scan
 .text.LED_GPIO_Config
                0x080004ac       0x6c CMakeFiles/F429Standard.elf.dir/User/Source/bsp_led.c.obj
                0x080004ac                LED_GPIO_Config
 .text.main     0x08000518       0x48 CMakeFiles/F429Standard.elf.dir/User/Source/main.c.obj
                0x08000518                main
 .text.NMI_Handler
                0x08000560        0x2 CMakeFiles/F429Standard.elf.dir/User/Source/stm32f4xx_it.c.obj
                0x08000560                NMI_Handler
 .text.HardFault_Handler
                0x08000562        0x2 CMakeFiles/F429Standard.elf.dir/User/Source/stm32f4xx_it.c.obj
                0x08000562                HardFault_Handler
 .text.MemManage_Handler
                0x08000564        0x2 CMakeFiles/F429Standard.elf.dir/User/Source/stm32f4xx_it.c.obj
                0x08000564                MemManage_Handler
 .text.BusFault_Handler
                0x08000566        0x2 CMakeFiles/F429Standard.elf.dir/User/Source/stm32f4xx_it.c.obj
                0x08000566                BusFault_Handler
 .text.UsageFault_Handler
                0x08000568        0x2 CMakeFiles/F429Standard.elf.dir/User/Source/stm32f4xx_it.c.obj
                0x08000568                UsageFault_Handler
 .text.DebugMon_Handler
                0x0800056a        0x2 CMakeFiles/F429Standard.elf.dir/User/Source/stm32f4xx_it.c.obj
                0x0800056a                DebugMon_Handler
 .text.SVC_Handler
                0x0800056c        0x2 CMakeFiles/F429Standard.elf.dir/User/Source/stm32f4xx_it.c.obj
                0x0800056c                SVC_Handler
 .text.PendSV_Handler
                0x0800056e        0x2 CMakeFiles/F429Standard.elf.dir/User/Source/stm32f4xx_it.c.obj
                0x0800056e                PendSV_Handler
 .text.SysTick_Handler
                0x08000570        0x2 CMakeFiles/F429Standard.elf.dir/User/Source/stm32f4xx_it.c.obj
                0x08000570                SysTick_Handler
 *fill*         0x08000572        0x2 
 .text.__libc_init_array
                0x08000574       0x48 c:/progra~2/gnuarm~1/102021~1.10/bin/../lib/gcc/arm-none-eabi/10.3.1/../../../../arm-none-eabi/lib/thumb/v7e-m/nofp\libg.a(lib_a-init.o)
                0x08000574                __libc_init_array
 .text.startup.register_fini
                0x080005bc       0x14 c:/progra~2/gnuarm~1/102021~1.10/bin/../lib/gcc/arm-none-eabi/10.3.1/../../../../arm-none-eabi/lib/thumb/v7e-m/nofp\libg.a(lib_a-__call_atexit.o)
 .text.atexit   0x080005d0        0xc c:/progra~2/gnuarm~1/102021~1.10/bin/../lib/gcc/arm-none-eabi/10.3.1/../../../../arm-none-eabi/lib/thumb/v7e-m/nofp\libg.a(lib_a-atexit.o)
                0x080005d0                atexit
 .text.__libc_fini_array
                0x080005dc       0x2c c:/progra~2/gnuarm~1/102021~1.10/bin/../lib/gcc/arm-none-eabi/10.3.1/../../../../arm-none-eabi/lib/thumb/v7e-m/nofp\libg.a(lib_a-fini.o)
                0x080005dc                __libc_fini_array
 .text.__retarget_lock_acquire_recursive
                0x08000608        0x4 c:/progra~2/gnuarm~1/102021~1.10/bin/../lib/gcc/arm-none-eabi/10.3.1/../../../../arm-none-eabi/lib/thumb/v7e-m/nofp\libg.a(lib_a-lock.o)
                0x08000608                __retarget_lock_acquire_recursive
 .text.__retarget_lock_release_recursive
                0x0800060c        0x4 c:/progra~2/gnuarm~1/102021~1.10/bin/../lib/gcc/arm-none-eabi/10.3.1/../../../../arm-none-eabi/lib/thumb/v7e-m/nofp\libg.a(lib_a-lock.o)
                0x0800060c                __retarget_lock_release_recursive
 .text.__register_exitproc
                0x08000610       0x8c c:/progra~2/gnuarm~1/102021~1.10/bin/../lib/gcc/arm-none-eabi/10.3.1/../../../../arm-none-eabi/lib/thumb/v7e-m/nofp\libg.a(lib_a-__atexit.o)
                0x08000610                __register_exitproc
 *(.glue_7)
 .glue_7        0x0800069c        0x0 linker stubs
 *(.glue_7t)
 .glue_7t       0x0800069c        0x0 linker stubs
 *(.eh_frame)
 .eh_frame      0x0800069c        0x0 c:/progra~2/gnuarm~1/102021~1.10/bin/../lib/gcc/arm-none-eabi/10.3.1/thumb/v7e-m/nofp/crtbegin.o
 *(.init)
 .init          0x0800069c        0x4 c:/progra~2/gnuarm~1/102021~1.10/bin/../lib/gcc/arm-none-eabi/10.3.1/thumb/v7e-m/nofp/crti.o
                0x0800069c                _init
 .init          0x080006a0        0x8 c:/progra~2/gnuarm~1/102021~1.10/bin/../lib/gcc/arm-none-eabi/10.3.1/thumb/v7e-m/nofp/crtn.o
 *(.fini)
 .fini          0x080006a8        0x4 c:/progra~2/gnuarm~1/102021~1.10/bin/../lib/gcc/arm-none-eabi/10.3.1/thumb/v7e-m/nofp/crti.o
                0x080006a8                _fini
 .fini          0x080006ac        0x8 c:/progra~2/gnuarm~1/102021~1.10/bin/../lib/gcc/arm-none-eabi/10.3.1/thumb/v7e-m/nofp/crtn.o
                0x080006b4                . = ALIGN (0x4)
                0x080006b4                _etext = .

.vfp11_veneer   0x080006b4        0x0
 .vfp11_veneer  0x080006b4        0x0 linker stubs

.v4_bx          0x080006b4        0x0
 .v4_bx         0x080006b4        0x0 linker stubs

.iplt           0x080006b4        0x0
 .iplt          0x080006b4        0x0 c:/progra~2/gnuarm~1/102021~1.10/bin/../lib/gcc/arm-none-eabi/10.3.1/thumb/v7e-m/nofp/crtbegin.o

.rodata         0x080006b4        0x4
                0x080006b4                . = ALIGN (0x4)
 *(.rodata)
 *(.rodata*)
 .rodata._global_impure_ptr
                0x080006b4        0x4 c:/progra~2/gnuarm~1/102021~1.10/bin/../lib/gcc/arm-none-eabi/10.3.1/../../../../arm-none-eabi/lib/thumb/v7e-m/nofp\libg.a(lib_a-impure.o)
                0x080006b4                _global_impure_ptr
                0x080006b8                . = ALIGN (0x4)

.rel.dyn        0x080006b8        0x0
 .rel.iplt      0x080006b8        0x0 c:/progra~2/gnuarm~1/102021~1.10/bin/../lib/gcc/arm-none-eabi/10.3.1/thumb/v7e-m/nofp/crtbegin.o

.ARM.extab      0x080006b8        0x0
                0x080006b8                . = ALIGN (0x4)
 *(.ARM.extab* .gnu.linkonce.armextab.*)
                0x080006b8                . = ALIGN (0x4)

.ARM            0x080006b8        0x0
                0x080006b8                . = ALIGN (0x4)
                0x080006b8                __exidx_start = .
 *(.ARM.exidx*)
                0x080006b8                __exidx_end = .
                0x080006b8                . = ALIGN (0x4)

.preinit_array  0x080006b8        0x0
                0x080006b8                . = ALIGN (0x4)
                0x080006b8                PROVIDE (__preinit_array_start = .)
 *(.preinit_array*)
                0x080006b8                PROVIDE (__preinit_array_end = .)
                0x080006b8                . = ALIGN (0x4)

.init_array     0x080006b8        0x8
                0x080006b8                . = ALIGN (0x4)
                0x080006b8                PROVIDE (__init_array_start = .)
 *(SORT_BY_NAME(.init_array.*))
 .init_array.00000
                0x080006b8        0x4 c:/progra~2/gnuarm~1/102021~1.10/bin/../lib/gcc/arm-none-eabi/10.3.1/../../../../arm-none-eabi/lib/thumb/v7e-m/nofp\libg.a(lib_a-__call_atexit.o)
 *(.init_array*)
 .init_array    0x080006bc        0x4 c:/progra~2/gnuarm~1/102021~1.10/bin/../lib/gcc/arm-none-eabi/10.3.1/thumb/v7e-m/nofp/crtbegin.o
                0x080006c0                PROVIDE (__init_array_end = .)
                0x080006c0                . = ALIGN (0x4)

.fini_array     0x080006c0        0x4
                0x080006c0                . = ALIGN (0x4)
                0x080006c0                PROVIDE (__fini_array_start = .)
 *(SORT_BY_NAME(.fini_array.*))
 *(.fini_array*)
 .fini_array    0x080006c0        0x4 c:/progra~2/gnuarm~1/102021~1.10/bin/../lib/gcc/arm-none-eabi/10.3.1/thumb/v7e-m/nofp/crtbegin.o
                0x080006c4                PROVIDE (__fini_array_end = .)
                0x080006c4                . = ALIGN (0x4)
                0x080006c4                _sidata = LOADADDR (.data)

.data           0x20000000      0x42c load address 0x080006c4
                0x20000000                . = ALIGN (0x4)
                0x20000000                _sdata = .
 *(.data)
 *(.data*)
 .data.impure_data
                0x20000000      0x428 c:/progra~2/gnuarm~1/102021~1.10/bin/../lib/gcc/arm-none-eabi/10.3.1/../../../../arm-none-eabi/lib/thumb/v7e-m/nofp\libg.a(lib_a-impure.o)
 .data.__atexit_recursive_mutex
                0x20000428        0x4 c:/progra~2/gnuarm~1/102021~1.10/bin/../lib/gcc/arm-none-eabi/10.3.1/../../../../arm-none-eabi/lib/thumb/v7e-m/nofp\libg.a(lib_a-__call_atexit.o)
                0x20000428                __atexit_recursive_mutex
 *(.RamFunc)
 *(.RamFunc*)
                0x2000042c                . = ALIGN (0x4)
                0x2000042c                _edata = .
                0x08000af0                _siccmram = LOADADDR (.ccmram)

.igot.plt       0x2000042c        0x0 load address 0x08000af0
 .igot.plt      0x2000042c        0x0 c:/progra~2/gnuarm~1/102021~1.10/bin/../lib/gcc/arm-none-eabi/10.3.1/thumb/v7e-m/nofp/crtbegin.o

.ccmram         0x10000000        0x0 load address 0x08000af0
                0x10000000                . = ALIGN (0x4)
                0x10000000                _sccmram = .
 *(.ccmram)
 *(.ccmram*)
                0x10000000                . = ALIGN (0x4)
                0x10000000                _eccmram = .
                0x10000000                . = ALIGN (0x4)

.bss            0x2000042c       0x20
                0x2000042c                _sbss = .
                0x2000042c                __bss_start__ = _sbss
 *(.bss)
 .bss           0x2000042c       0x1c c:/progra~2/gnuarm~1/102021~1.10/bin/../lib/gcc/arm-none-eabi/10.3.1/thumb/v7e-m/nofp/crtbegin.o
 *(.bss*)
 .bss.__lock___atexit_recursive_mutex
                0x20000448        0x1 c:/progra~2/gnuarm~1/102021~1.10/bin/../lib/gcc/arm-none-eabi/10.3.1/../../../../arm-none-eabi/lib/thumb/v7e-m/nofp\libg.a(lib_a-lock.o)
                0x20000448                __lock___atexit_recursive_mutex
 *(COMMON)
                0x2000044c                . = ALIGN (0x4)
 *fill*         0x20000449        0x3 
                0x2000044c                _ebss = .
                0x2000044c                __bss_end__ = _ebss

._user_heap_stack
                0x2000044c      0x604
                0x20000450                . = ALIGN (0x8)
 *fill*         0x2000044c        0x4 
                0x20000450                PROVIDE (end = .)
                [!provide]                PROVIDE (_end = .)
                0x20000650                . = (. + _Min_Heap_Size)
 *fill*         0x20000450      0x200 
                0x20000a50                . = (. + _Min_Stack_Size)
 *fill*         0x20000650      0x400 
                0x20000a50                . = ALIGN (0x8)

/DISCARD/
 libc.a(*)
 libm.a(*)
 libgcc.a(*)

.ARM.attributes
                0x00000000       0x2a
 *(.ARM.attributes)
 .ARM.attributes
                0x00000000       0x1e c:/progra~2/gnuarm~1/102021~1.10/bin/../lib/gcc/arm-none-eabi/10.3.1/thumb/v7e-m/nofp/crti.o
 .ARM.attributes
                0x0000001e       0x2e c:/progra~2/gnuarm~1/102021~1.10/bin/../lib/gcc/arm-none-eabi/10.3.1/thumb/v7e-m/nofp/crtbegin.o
 .ARM.attributes
                0x0000004c       0x2e CMakeFiles/F429Standard.elf.dir/Libraries/CMSIS/Device/ST/STM32F4xx/Source/Templates/system_stm32f4xx.c.obj
 .ARM.attributes
                0x0000007a       0x2e CMakeFiles/F429Standard.elf.dir/Libraries/STM32F4xx_StdPeriph_Driver/src/stm32f4xx_gpio.c.obj
 .ARM.attributes
                0x000000a8       0x2e CMakeFiles/F429Standard.elf.dir/Libraries/STM32F4xx_StdPeriph_Driver/src/stm32f4xx_rcc.c.obj
 .ARM.attributes
                0x000000d6       0x21 CMakeFiles/F429Standard.elf.dir/Startup/startup_stm32f429_439xx.s.obj
 .ARM.attributes
                0x000000f7       0x2e CMakeFiles/F429Standard.elf.dir/User/Source/bsp_key.c.obj
 .ARM.attributes
                0x00000125       0x2e CMakeFiles/F429Standard.elf.dir/User/Source/bsp_led.c.obj
 .ARM.attributes
                0x00000153       0x2e CMakeFiles/F429Standard.elf.dir/User/Source/main.c.obj
 .ARM.attributes
                0x00000181       0x2e CMakeFiles/F429Standard.elf.dir/User/Source/stm32f4xx_it.c.obj
 .ARM.attributes
                0x000001af       0x2e c:/progra~2/gnuarm~1/102021~1.10/bin/../lib/gcc/arm-none-eabi/10.3.1/../../../../arm-none-eabi/lib/thumb/v7e-m/nofp\libg.a(lib_a-impure.o)
 .ARM.attributes
                0x000001dd       0x2e c:/progra~2/gnuarm~1/102021~1.10/bin/../lib/gcc/arm-none-eabi/10.3.1/../../../../arm-none-eabi/lib/thumb/v7e-m/nofp\libg.a(lib_a-init.o)
 .ARM.attributes
                0x0000020b       0x2e c:/progra~2/gnuarm~1/102021~1.10/bin/../lib/gcc/arm-none-eabi/10.3.1/../../../../arm-none-eabi/lib/thumb/v7e-m/nofp\libg.a(lib_a-__call_atexit.o)
 .ARM.attributes
                0x00000239       0x2e c:/progra~2/gnuarm~1/102021~1.10/bin/../lib/gcc/arm-none-eabi/10.3.1/../../../../arm-none-eabi/lib/thumb/v7e-m/nofp\libg.a(lib_a-atexit.o)
 .ARM.attributes
                0x00000267       0x2e c:/progra~2/gnuarm~1/102021~1.10/bin/../lib/gcc/arm-none-eabi/10.3.1/../../../../arm-none-eabi/lib/thumb/v7e-m/nofp\libg.a(lib_a-fini.o)
 .ARM.attributes
                0x00000295       0x2e c:/progra~2/gnuarm~1/102021~1.10/bin/../lib/gcc/arm-none-eabi/10.3.1/../../../../arm-none-eabi/lib/thumb/v7e-m/nofp\libg.a(lib_a-lock.o)
 .ARM.attributes
                0x000002c3       0x2e c:/progra~2/gnuarm~1/102021~1.10/bin/../lib/gcc/arm-none-eabi/10.3.1/../../../../arm-none-eabi/lib/thumb/v7e-m/nofp\libg.a(lib_a-__atexit.o)
 .ARM.attributes
                0x000002f1       0x1e c:/progra~2/gnuarm~1/102021~1.10/bin/../lib/gcc/arm-none-eabi/10.3.1/thumb/v7e-m/nofp/crtn.o
OUTPUT(F429Standard.elf elf32-littlearm)
LOAD linker stubs
LOAD c:/progra~2/gnuarm~1/102021~1.10/bin/../lib/gcc/arm-none-eabi/10.3.1/../../../../arm-none-eabi/lib/thumb/v7e-m/nofp\libc.a
LOAD c:/progra~2/gnuarm~1/102021~1.10/bin/../lib/gcc/arm-none-eabi/10.3.1/../../../../arm-none-eabi/lib/thumb/v7e-m/nofp\libm.a
LOAD c:/progra~2/gnuarm~1/102021~1.10/bin/../lib/gcc/arm-none-eabi/10.3.1/thumb/v7e-m/nofp\libgcc.a

.debug_info     0x00000000     0x29d9
 .debug_info    0x00000000      0x661 CMakeFiles/F429Standard.elf.dir/Libraries/CMSIS/Device/ST/STM32F4xx/Source/Templates/system_stm32f4xx.c.obj
 .debug_info    0x00000661      0x8b1 CMakeFiles/F429Standard.elf.dir/Libraries/STM32F4xx_StdPeriph_Driver/src/stm32f4xx_gpio.c.obj
 .debug_info    0x00000f12     0x1016 CMakeFiles/F429Standard.elf.dir/Libraries/STM32F4xx_StdPeriph_Driver/src/stm32f4xx_rcc.c.obj
 .debug_info    0x00001f28       0x22 CMakeFiles/F429Standard.elf.dir/Startup/startup_stm32f429_439xx.s.obj
 .debug_info    0x00001f4a      0x407 CMakeFiles/F429Standard.elf.dir/User/Source/bsp_key.c.obj
 .debug_info    0x00002351      0x361 CMakeFiles/F429Standard.elf.dir/User/Source/bsp_led.c.obj
 .debug_info    0x000026b2      0x219 CMakeFiles/F429Standard.elf.dir/User/Source/main.c.obj
 .debug_info    0x000028cb      0x10e CMakeFiles/F429Standard.elf.dir/User/Source/stm32f4xx_it.c.obj

.debug_abbrev   0x00000000      0x9f3
 .debug_abbrev  0x00000000      0x187 CMakeFiles/F429Standard.elf.dir/Libraries/CMSIS/Device/ST/STM32F4xx/Source/Templates/system_stm32f4xx.c.obj
 .debug_abbrev  0x00000187      0x20e CMakeFiles/F429Standard.elf.dir/Libraries/STM32F4xx_StdPeriph_Driver/src/stm32f4xx_gpio.c.obj
 .debug_abbrev  0x00000395      0x204 CMakeFiles/F429Standard.elf.dir/Libraries/STM32F4xx_StdPeriph_Driver/src/stm32f4xx_rcc.c.obj
 .debug_abbrev  0x00000599       0x12 CMakeFiles/F429Standard.elf.dir/Startup/startup_stm32f429_439xx.s.obj
 .debug_abbrev  0x000005ab      0x1a0 CMakeFiles/F429Standard.elf.dir/User/Source/bsp_key.c.obj
 .debug_abbrev  0x0000074b      0x145 CMakeFiles/F429Standard.elf.dir/User/Source/bsp_led.c.obj
 .debug_abbrev  0x00000890      0x11f CMakeFiles/F429Standard.elf.dir/User/Source/main.c.obj
 .debug_abbrev  0x000009af       0x44 CMakeFiles/F429Standard.elf.dir/User/Source/stm32f4xx_it.c.obj

.debug_loc      0x00000000     0x115c
 .debug_loc     0x00000000      0x158 CMakeFiles/F429Standard.elf.dir/Libraries/CMSIS/Device/ST/STM32F4xx/Source/Templates/system_stm32f4xx.c.obj
 .debug_loc     0x00000158      0x417 CMakeFiles/F429Standard.elf.dir/Libraries/STM32F4xx_StdPeriph_Driver/src/stm32f4xx_gpio.c.obj
 .debug_loc     0x0000056f      0xba6 CMakeFiles/F429Standard.elf.dir/Libraries/STM32F4xx_StdPeriph_Driver/src/stm32f4xx_rcc.c.obj
 .debug_loc     0x00001115       0x47 CMakeFiles/F429Standard.elf.dir/User/Source/bsp_key.c.obj

.debug_aranges  0x00000000      0x378
 .debug_aranges
                0x00000000       0x30 CMakeFiles/F429Standard.elf.dir/Libraries/CMSIS/Device/ST/STM32F4xx/Source/Templates/system_stm32f4xx.c.obj
 .debug_aranges
                0x00000030       0x88 CMakeFiles/F429Standard.elf.dir/Libraries/STM32F4xx_StdPeriph_Driver/src/stm32f4xx_gpio.c.obj
 .debug_aranges
                0x000000b8      0x1c0 CMakeFiles/F429Standard.elf.dir/Libraries/STM32F4xx_StdPeriph_Driver/src/stm32f4xx_rcc.c.obj
 .debug_aranges
                0x00000278       0x28 CMakeFiles/F429Standard.elf.dir/Startup/startup_stm32f429_439xx.s.obj
 .debug_aranges
                0x000002a0       0x30 CMakeFiles/F429Standard.elf.dir/User/Source/bsp_key.c.obj
 .debug_aranges
                0x000002d0       0x20 CMakeFiles/F429Standard.elf.dir/User/Source/bsp_led.c.obj
 .debug_aranges
                0x000002f0       0x28 CMakeFiles/F429Standard.elf.dir/User/Source/main.c.obj
 .debug_aranges
                0x00000318       0x60 CMakeFiles/F429Standard.elf.dir/User/Source/stm32f4xx_it.c.obj

.debug_ranges   0x00000000      0x300
 .debug_ranges  0x00000000       0x20 CMakeFiles/F429Standard.elf.dir/Libraries/CMSIS/Device/ST/STM32F4xx/Source/Templates/system_stm32f4xx.c.obj
 .debug_ranges  0x00000020       0x78 CMakeFiles/F429Standard.elf.dir/Libraries/STM32F4xx_StdPeriph_Driver/src/stm32f4xx_gpio.c.obj
 .debug_ranges  0x00000098      0x1b0 CMakeFiles/F429Standard.elf.dir/Libraries/STM32F4xx_StdPeriph_Driver/src/stm32f4xx_rcc.c.obj
 .debug_ranges  0x00000248       0x20 CMakeFiles/F429Standard.elf.dir/Startup/startup_stm32f429_439xx.s.obj
 .debug_ranges  0x00000268       0x20 CMakeFiles/F429Standard.elf.dir/User/Source/bsp_key.c.obj
 .debug_ranges  0x00000288       0x10 CMakeFiles/F429Standard.elf.dir/User/Source/bsp_led.c.obj
 .debug_ranges  0x00000298       0x18 CMakeFiles/F429Standard.elf.dir/User/Source/main.c.obj
 .debug_ranges  0x000002b0       0x50 CMakeFiles/F429Standard.elf.dir/User/Source/stm32f4xx_it.c.obj

.debug_line     0x00000000     0x1f15
 .debug_line    0x00000000      0x471 CMakeFiles/F429Standard.elf.dir/Libraries/CMSIS/Device/ST/STM32F4xx/Source/Templates/system_stm32f4xx.c.obj
 .debug_line    0x00000471      0x598 CMakeFiles/F429Standard.elf.dir/Libraries/STM32F4xx_StdPeriph_Driver/src/stm32f4xx_gpio.c.obj
 .debug_line    0x00000a09      0xcac CMakeFiles/F429Standard.elf.dir/Libraries/STM32F4xx_StdPeriph_Driver/src/stm32f4xx_rcc.c.obj
 .debug_line    0x000016b5       0x9a CMakeFiles/F429Standard.elf.dir/Startup/startup_stm32f429_439xx.s.obj
 .debug_line    0x0000174f      0x26a CMakeFiles/F429Standard.elf.dir/User/Source/bsp_key.c.obj
 .debug_line    0x000019b9      0x200 CMakeFiles/F429Standard.elf.dir/User/Source/bsp_led.c.obj
 .debug_line    0x00001bb9      0x207 CMakeFiles/F429Standard.elf.dir/User/Source/main.c.obj
 .debug_line    0x00001dc0      0x155 CMakeFiles/F429Standard.elf.dir/User/Source/stm32f4xx_it.c.obj

.debug_str      0x00000000      0xfeb
 .debug_str     0x00000000      0x3cf CMakeFiles/F429Standard.elf.dir/Libraries/CMSIS/Device/ST/STM32F4xx/Source/Templates/system_stm32f4xx.c.obj
                                0x43b (size before relaxing)
 .debug_str     0x000003cf      0x35d CMakeFiles/F429Standard.elf.dir/Libraries/STM32F4xx_StdPeriph_Driver/src/stm32f4xx_gpio.c.obj
                                0x50a (size before relaxing)
 .debug_str     0x0000072c      0x6cf CMakeFiles/F429Standard.elf.dir/Libraries/STM32F4xx_StdPeriph_Driver/src/stm32f4xx_rcc.c.obj
                                0xa1d (size before relaxing)
 .debug_str     0x00000dfb       0x48 CMakeFiles/F429Standard.elf.dir/Startup/startup_stm32f429_439xx.s.obj
                                 0x72 (size before relaxing)
 .debug_str     0x00000e43       0x6b CMakeFiles/F429Standard.elf.dir/User/Source/bsp_key.c.obj
                                0x3e6 (size before relaxing)
 .debug_str     0x00000eae       0x3e CMakeFiles/F429Standard.elf.dir/User/Source/bsp_led.c.obj
                                0x39e (size before relaxing)
 .debug_str     0x00000eec       0x3c CMakeFiles/F429Standard.elf.dir/User/Source/main.c.obj
                                0x24b (size before relaxing)
 .debug_str     0x00000f28       0xc3 CMakeFiles/F429Standard.elf.dir/User/Source/stm32f4xx_it.c.obj
                                0x236 (size before relaxing)

.comment        0x00000000       0x49
 .comment       0x00000000       0x49 CMakeFiles/F429Standard.elf.dir/Libraries/CMSIS/Device/ST/STM32F4xx/Source/Templates/system_stm32f4xx.c.obj
                                 0x4a (size before relaxing)
 .comment       0x00000049       0x4a CMakeFiles/F429Standard.elf.dir/Libraries/STM32F4xx_StdPeriph_Driver/src/stm32f4xx_gpio.c.obj
 .comment       0x00000049       0x4a CMakeFiles/F429Standard.elf.dir/Libraries/STM32F4xx_StdPeriph_Driver/src/stm32f4xx_rcc.c.obj
 .comment       0x00000049       0x4a CMakeFiles/F429Standard.elf.dir/User/Source/bsp_key.c.obj
 .comment       0x00000049       0x4a CMakeFiles/F429Standard.elf.dir/User/Source/bsp_led.c.obj
 .comment       0x00000049       0x4a CMakeFiles/F429Standard.elf.dir/User/Source/main.c.obj
 .comment       0x00000049       0x4a CMakeFiles/F429Standard.elf.dir/User/Source/stm32f4xx_it.c.obj

.debug_frame    0x00000000      0x818
 .debug_frame   0x00000000       0x54 CMakeFiles/F429Standard.elf.dir/Libraries/CMSIS/Device/ST/STM32F4xx/Source/Templates/system_stm32f4xx.c.obj
 .debug_frame   0x00000054      0x118 CMakeFiles/F429Standard.elf.dir/Libraries/STM32F4xx_StdPeriph_Driver/src/stm32f4xx_gpio.c.obj
 .debug_frame   0x0000016c      0x378 CMakeFiles/F429Standard.elf.dir/Libraries/STM32F4xx_StdPeriph_Driver/src/stm32f4xx_rcc.c.obj
 .debug_frame   0x000004e4       0x60 CMakeFiles/F429Standard.elf.dir/User/Source/bsp_key.c.obj
 .debug_frame   0x00000544       0x34 CMakeFiles/F429Standard.elf.dir/User/Source/bsp_led.c.obj
 .debug_frame   0x00000578       0x40 CMakeFiles/F429Standard.elf.dir/User/Source/main.c.obj
 .debug_frame   0x000005b8       0xa0 CMakeFiles/F429Standard.elf.dir/User/Source/stm32f4xx_it.c.obj
 .debug_frame   0x00000658       0x2c c:/progra~2/gnuarm~1/102021~1.10/bin/../lib/gcc/arm-none-eabi/10.3.1/../../../../arm-none-eabi/lib/thumb/v7e-m/nofp\libg.a(lib_a-init.o)
 .debug_frame   0x00000684       0x5c c:/progra~2/gnuarm~1/102021~1.10/bin/../lib/gcc/arm-none-eabi/10.3.1/../../../../arm-none-eabi/lib/thumb/v7e-m/nofp\libg.a(lib_a-__call_atexit.o)
 .debug_frame   0x000006e0       0x20 c:/progra~2/gnuarm~1/102021~1.10/bin/../lib/gcc/arm-none-eabi/10.3.1/../../../../arm-none-eabi/lib/thumb/v7e-m/nofp\libg.a(lib_a-atexit.o)
 .debug_frame   0x00000700       0x34 c:/progra~2/gnuarm~1/102021~1.10/bin/../lib/gcc/arm-none-eabi/10.3.1/../../../../arm-none-eabi/lib/thumb/v7e-m/nofp\libg.a(lib_a-fini.o)
 .debug_frame   0x00000734       0xb0 c:/progra~2/gnuarm~1/102021~1.10/bin/../lib/gcc/arm-none-eabi/10.3.1/../../../../arm-none-eabi/lib/thumb/v7e-m/nofp\libg.a(lib_a-lock.o)
 .debug_frame   0x000007e4       0x34 c:/progra~2/gnuarm~1/102021~1.10/bin/../lib/gcc/arm-none-eabi/10.3.1/../../../../arm-none-eabi/lib/thumb/v7e-m/nofp\libg.a(lib_a-__atexit.o)
