Archive member included to satisfy reference by file (symbol)

c:/progra~2/gnuarm~1/102021~1.10/bin/../lib/gcc/arm-none-eabi/10.3.1/../../../../arm-none-eabi/lib/thumb/v7e-m/nofp\libg.a(lib_a-errno.o)
                              CMakeFiles/F429Standard.elf.dir/User/Source/syscalls.c.obj (__errno)
c:/progra~2/gnuarm~1/102021~1.10/bin/../lib/gcc/arm-none-eabi/10.3.1/../../../../arm-none-eabi/lib/thumb/v7e-m/nofp\libg.a(lib_a-exit.o)
                              c:/progra~2/gnuarm~1/102021~1.10/bin/../lib/gcc/arm-none-eabi/10.3.1/../../../../arm-none-eabi/lib/thumb/v7e-m/nofp/crt0.o (exit)
c:/progra~2/gnuarm~1/102021~1.10/bin/../lib/gcc/arm-none-eabi/10.3.1/../../../../arm-none-eabi/lib/thumb/v7e-m/nofp\libg.a(lib_a-getchar.o)
                              CMakeFiles/F429Standard.elf.dir/User/Source/main.c.obj (getchar)
c:/progra~2/gnuarm~1/102021~1.10/bin/../lib/gcc/arm-none-eabi/10.3.1/../../../../arm-none-eabi/lib/thumb/v7e-m/nofp\libg.a(lib_a-impure.o)
                              c:/progra~2/gnuarm~1/102021~1.10/bin/../lib/gcc/arm-none-eabi/10.3.1/../../../../arm-none-eabi/lib/thumb/v7e-m/nofp\libg.a(lib_a-exit.o) (_global_impure_ptr)
c:/progra~2/gnuarm~1/102021~1.10/bin/../lib/gcc/arm-none-eabi/10.3.1/../../../../arm-none-eabi/lib/thumb/v7e-m/nofp\libg.a(lib_a-init.o)
                              c:/progra~2/gnuarm~1/102021~1.10/bin/../lib/gcc/arm-none-eabi/10.3.1/../../../../arm-none-eabi/lib/thumb/v7e-m/nofp/crt0.o (__libc_init_array)
c:/progra~2/gnuarm~1/102021~1.10/bin/../lib/gcc/arm-none-eabi/10.3.1/../../../../arm-none-eabi/lib/thumb/v7e-m/nofp\libg.a(lib_a-memset.o)
                              c:/progra~2/gnuarm~1/102021~1.10/bin/../lib/gcc/arm-none-eabi/10.3.1/../../../../arm-none-eabi/lib/thumb/v7e-m/nofp/crt0.o (memset)
c:/progra~2/gnuarm~1/102021~1.10/bin/../lib/gcc/arm-none-eabi/10.3.1/../../../../arm-none-eabi/lib/thumb/v7e-m/nofp\libg.a(lib_a-printf.o)
                              CMakeFiles/F429Standard.elf.dir/User/Source/main.c.obj (printf)
c:/progra~2/gnuarm~1/102021~1.10/bin/../lib/gcc/arm-none-eabi/10.3.1/../../../../arm-none-eabi/lib/thumb/v7e-m/nofp\libg.a(lib_a-puts.o)
                              CMakeFiles/F429Standard.elf.dir/User/Source/main.c.obj (puts)
c:/progra~2/gnuarm~1/102021~1.10/bin/../lib/gcc/arm-none-eabi/10.3.1/../../../../arm-none-eabi/lib/thumb/v7e-m/nofp\libg.a(lib_a-setvbuf.o)
                              CMakeFiles/F429Standard.elf.dir/User/Source/retarget.c.obj (setvbuf)
c:/progra~2/gnuarm~1/102021~1.10/bin/../lib/gcc/arm-none-eabi/10.3.1/../../../../arm-none-eabi/lib/thumb/v7e-m/nofp\libg.a(lib_a-strlen.o)
                              c:/progra~2/gnuarm~1/102021~1.10/bin/../lib/gcc/arm-none-eabi/10.3.1/../../../../arm-none-eabi/lib/thumb/v7e-m/nofp\libg.a(lib_a-puts.o) (strlen)
c:/progra~2/gnuarm~1/102021~1.10/bin/../lib/gcc/arm-none-eabi/10.3.1/../../../../arm-none-eabi/lib/thumb/v7e-m/nofp\libg.a(lib_a-vfprintf.o)
                              c:/progra~2/gnuarm~1/102021~1.10/bin/../lib/gcc/arm-none-eabi/10.3.1/../../../../arm-none-eabi/lib/thumb/v7e-m/nofp\libg.a(lib_a-printf.o) (_vfprintf_r)
c:/progra~2/gnuarm~1/102021~1.10/bin/../lib/gcc/arm-none-eabi/10.3.1/../../../../arm-none-eabi/lib/thumb/v7e-m/nofp\libg.a(lib_a-wsetup.o)
                              c:/progra~2/gnuarm~1/102021~1.10/bin/../lib/gcc/arm-none-eabi/10.3.1/../../../../arm-none-eabi/lib/thumb/v7e-m/nofp\libg.a(lib_a-vfprintf.o) (__swsetup_r)
c:/progra~2/gnuarm~1/102021~1.10/bin/../lib/gcc/arm-none-eabi/10.3.1/../../../../arm-none-eabi/lib/thumb/v7e-m/nofp\libg.a(lib_a-__call_atexit.o)
                              c:/progra~2/gnuarm~1/102021~1.10/bin/../lib/gcc/arm-none-eabi/10.3.1/../../../../arm-none-eabi/lib/thumb/v7e-m/nofp\libg.a(lib_a-exit.o) (__call_exitprocs)
c:/progra~2/gnuarm~1/102021~1.10/bin/../lib/gcc/arm-none-eabi/10.3.1/../../../../arm-none-eabi/lib/thumb/v7e-m/nofp\libg.a(lib_a-atexit.o)
                              c:/progra~2/gnuarm~1/102021~1.10/bin/../lib/gcc/arm-none-eabi/10.3.1/../../../../arm-none-eabi/lib/thumb/v7e-m/nofp\libg.a(lib_a-__call_atexit.o) (atexit)
c:/progra~2/gnuarm~1/102021~1.10/bin/../lib/gcc/arm-none-eabi/10.3.1/../../../../arm-none-eabi/lib/thumb/v7e-m/nofp\libg.a(lib_a-dtoa.o)
                              c:/progra~2/gnuarm~1/102021~1.10/bin/../lib/gcc/arm-none-eabi/10.3.1/../../../../arm-none-eabi/lib/thumb/v7e-m/nofp\libg.a(lib_a-vfprintf.o) (_dtoa_r)
c:/progra~2/gnuarm~1/102021~1.10/bin/../lib/gcc/arm-none-eabi/10.3.1/../../../../arm-none-eabi/lib/thumb/v7e-m/nofp\libg.a(lib_a-fflush.o)
                              c:/progra~2/gnuarm~1/102021~1.10/bin/../lib/gcc/arm-none-eabi/10.3.1/../../../../arm-none-eabi/lib/thumb/v7e-m/nofp\libg.a(lib_a-setvbuf.o) (_fflush_r)
c:/progra~2/gnuarm~1/102021~1.10/bin/../lib/gcc/arm-none-eabi/10.3.1/../../../../arm-none-eabi/lib/thumb/v7e-m/nofp\libg.a(lib_a-findfp.o)
[...]
Memory Configuration

Name             Origin             Length             Attributes
CCMRAM           0x10000000         0x00010000         xrw
RAM              0x20000000         0x00030000         xrw
FLASH            0x08000000         0x00100000         xr
*default*        0x00000000         0xffffffff

Linker script and memory map

LOAD c:/progra~2/gnuarm~1/102021~1.10/bin/../lib/gcc/arm-none-eabi/10.3.1/thumb/v7e-m/nofp/crti.o
LOAD c:/progra~2/gnuarm~1/102021~1.10/bin/../lib/gcc/arm-none-eabi/10.3.1/thumb/v7e-m/nofp/crtbegin.o
LOAD c:/progra~2/gnuarm~1/102021~1.10/bin/../lib/gcc/arm-none-eabi/10.3.1/../../../../arm-none-eabi/lib/thumb/v7e-m/nofp/crt0.o
LOAD CMakeFiles/F429Standard.elf.dir/Libraries/CMSIS/Device/ST/STM32F4xx/Source/Templates/system_stm32f4xx.c.obj
LOAD CMakeFiles/F429Standard.elf.dir/Libraries/STM32F4xx_StdPeriph_Driver/src/misc.c.obj
LOAD CMakeFiles/F429Standard.elf.dir/Libraries/STM32F4xx_StdPeriph_Driver/src/stm32f4xx_adc.c.obj
LOAD CMakeFiles/F429Standard.elf.dir/Libraries/STM32F4xx_StdPeriph_Driver/src/stm32f4xx_can.c.obj
LOAD CMakeFiles/F429Standard.elf.dir/Libraries/STM32F4xx_StdPeriph_Driver/src/stm32f4xx_cec.c.obj
LOAD CMakeFiles/F429Standard.elf.dir/Libraries/STM32F4xx_StdPeriph_Driver/src/stm32f4xx_crc.c.obj
LOAD CMakeFiles/F429Standard.elf.dir/Libraries/STM32F4xx_StdPeriph_Driver/src/stm32f4xx_cryp.c.obj
LOAD CMakeFiles/F429Standard.elf.dir/Libraries/STM32F4xx_StdPeriph_Driver/src/stm32f4xx_cryp_aes.c.obj
LOAD CMakeFiles/F429Standard.elf.dir/Libraries/STM32F4xx_StdPeriph_Driver/src/stm32f4xx_cryp_des.c.obj
LOAD CMakeFiles/F429Standard.elf.dir/Libraries/STM32F4xx_StdPeriph_Driver/src/stm32f4xx_cryp_tdes.c.obj
LOAD CMakeFiles/F429Standard.elf.dir/Libraries/STM32F4xx_StdPeriph_Driver/src/stm32f4xx_dac.c.obj
LOAD CMakeFiles/F429Standard.elf.dir/Libraries/STM32F4xx_StdPeriph_Driver/src/stm32f4xx_dbgmcu.c.obj
LOAD CMakeFiles/F429Standard.elf.dir/Libraries/STM32F4xx_StdPeriph_Driver/src/stm32f4xx_dcmi.c.obj
LOAD CMakeFiles/F429Standard.elf.dir/Libraries/STM32F4xx_StdPeriph_Driver/src/stm32f4xx_dma.c.obj
LOAD CMakeFiles/F429Standard.elf.dir/Libraries/STM32F4xx_StdPeriph_Driver/src/stm32f4xx_dma2d.c.obj
LOAD CMakeFiles/F429Standard.elf.dir/Libraries/STM32F4xx_StdPeriph_Driver/src/stm32f4xx_exti.c.obj
LOAD CMakeFiles/F429Standard.elf.dir/Libraries/STM32F4xx_StdPeriph_Driver/src/stm32f4xx_flash.c.obj
LOAD CMakeFiles/F429Standard.elf.dir/Libraries/STM32F4xx_StdPeriph_Driver/src/stm32f4xx_flash_ramfunc.c.obj
LOAD CMakeFiles/F429Standard.elf.dir/Libraries/STM32F4xx_StdPeriph_Driver/src/stm32f4xx_fmc.c.obj
LOAD CMakeFiles/F429Standard.elf.dir/Libraries/STM32F4xx_StdPeriph_Driver/src/stm32f4xx_fmpi2c.c.obj
LOAD CMakeFiles/F429Standard.elf.dir/Libraries/STM32F4xx_StdPeriph_Driver/src/stm32f4xx_gpio.c.obj
LOAD CMakeFiles/F429Standard.elf.dir/Libraries/STM32F4xx_StdPeriph_Driver/src/stm32f4xx_hash.c.obj
LOAD CMakeFiles/F429Standard.elf.dir/Libraries/STM32F4xx_StdPeriph_Driver/src/stm32f4xx_hash_md5.c.obj
LOAD CMakeFiles/F429Standard.elf.dir/Libraries/STM32F4xx_StdPeriph_Driver/src/stm32f4xx_hash_sha1.c.obj
LOAD CMakeFiles/F429Standard.elf.dir/Libraries/STM32F4xx_StdPeriph_Driver/src/stm32f4xx_i2c.c.obj
LOAD CMakeFiles/F429Standard.elf.dir/Libraries/STM32F4xx_StdPeriph_Driver/src/stm32f4xx_iwdg.c.obj
LOAD CMakeFiles/F429Standard.elf.dir/Libraries/STM32F4xx_StdPeriph_Driver/src/stm32f4xx_ltdc.c.obj
LOAD CMakeFiles/F429Standard.elf.dir/Libraries/STM32F4xx_StdPeriph_Driver/src/stm32f4xx_pwr.c.obj
LOAD CMakeFiles/F429Standard.elf.dir/Libraries/STM32F4xx_StdPeriph_Driver/src/stm32f4xx_qspi.c.obj
LOAD CMakeFiles/F429Standard.elf.dir/Libraries/STM32F4xx_StdPeriph_Driver/src/stm32f4xx_rcc.c.obj
LOAD CMakeFiles/F429Standard.elf.dir/Libraries/STM32F4xx_StdPeriph_Driver/src/stm32f4xx_rng.c.obj
LOAD CMakeFiles/F429Standard.elf.dir/Libraries/STM32F4xx_StdPeriph_Driver/src/stm32f4xx_rtc.c.obj
LOAD CMakeFiles/F429Standard.elf.dir/Libraries/STM32F4xx_StdPeriph_Driver/src/stm32f4xx_sai.c.obj
LOAD CMakeFiles/F429Standard.elf.dir/Libraries/STM32F4xx_StdPeriph_Driver/src/stm32f4xx_sdio.c.obj
LOAD CMakeFiles/F429Standard.elf.dir/Libraries/STM32F4xx_StdPeriph_Driver/src/stm32f4xx_spdifrx.c.obj
LOAD CMakeFiles/F429Standard.elf.dir/Libraries/STM32F4xx_StdPeriph_Driver/src/stm32f4xx_spi.c.obj
LOAD CMakeFiles/F429Standard.elf.dir/Libraries/STM32F4xx_StdPeriph_Driver/src/stm32f4xx_syscfg.c.obj
LOAD CMakeFiles/F429Standard.elf.dir/Libraries/STM32F4xx_StdPeriph_Driver/src/stm32f4xx_tim.c.obj
LOAD CMakeFiles/F429Standard.elf.dir/Libraries/STM32F4xx_StdPeriph_Driver/src/stm32f4xx_usart.c.obj
LOAD CMakeFiles/F429Standard.elf.dir/Libraries/STM32F4xx_StdPeriph_Driver/src/stm32f4xx_wwdg.c.obj
LOAD CMakeFiles/F429Standard.elf.dir/Startup/startup_stm32f429_439xx.s.obj
LOAD CMakeFiles/F429Standard.elf.dir/User/Source/bsp_key.c.obj
LOAD CMakeFiles/F429Standard.elf.dir/User/Source/bsp_led.c.obj
LOAD CMakeFiles/F429Standard.elf.dir/User/Source/bsp_systick.c.obj
LOAD CMakeFiles/F429Standard.elf.dir/User/Source/bsp_usart.c.obj
LOAD CMakeFiles/F429Standard.elf.dir/User/Source/main.c.obj
LOAD CMakeFiles/F429Standard.elf.dir/User/Source/retarget.c.obj
LOAD CMakeFiles/F429Standard.elf.dir/User/Source/stm32f4xx_it.c.obj
LOAD CMakeFiles/F429Standard.elf.dir/User/Source/syscalls.c.obj
START GROUP
LOAD c:/progra~2/gnuarm~1/102021~1.10/bin/../lib/gcc/arm-none-eabi/10.3.1/thumb/v7e-m/nofp\libgcc.a
LOAD c:/progra~2/gnuarm~1/102021~1.10/bin/../lib/gcc/arm-none-eabi/10.3.1/../../../../arm-none-eabi/lib/thumb/v7e-m/nofp\libg.a
LOAD c:/progra~2/gnuarm~1/102021~1.10/bin/../lib/gcc/arm-none-eabi/10.3.1/../../../../arm-none-eabi/lib/thumb/v7e-m/nofp\libc.a
END GROUP
LOAD c:/progra~2/gnuarm~1/102021~1.10/bin/../lib/gcc/arm-none-eabi/10.3.1/thumb/v7e-m/nofp/crtend.o
LOAD c:/progra~2/gnuarm~1/102021~1.10/bin/../lib/gcc/arm-none-eabi/10.3.1/thumb/v7e-m/nofp/crtn.o
                0x20030000                _estack = (ORIGIN (RAM) + LENGTH (RAM))
                0x00000200                _Min_Heap_Size = 0x200
                0x00000400                _Min_Stack_Size = 0x400

.isr_vector     0x08000000      0x1ac
                0x08000000                . = ALIGN (0x4)
 *(.isr_vector)
 .isr_vector    0x08000000      0x1ac CMakeFiles/F429Standard.elf.dir/Startup/startup_stm32f429_439xx.s.obj
                0x08000000                g_pfnVectors
                0x080001ac                . = ALIGN (0x4)

.text           0x080001c0     0x7bd8
                0x080001c0                . = ALIGN (0x4)
 *(.text)
 .text          0x080001c0       0x40 c:/progra~2/gnuarm~1/102021~1.10/bin/../lib/gcc/arm-none-eabi/10.3.1/thumb/v7e-m/nofp/crtbegin.o
 .text          0x08000200       0xdc c:/progra~2/gnuarm~1/102021~1.10/bin/../lib/gcc/arm-none-eabi/10.3.1/../../../../arm-none-eabi/lib/thumb/v7e-m/nofp\libg.a(lib_a-strlen.o)
                0x08000200                strlen
 *fill*         0x080002dc        0x4 
 .text          0x080002e0       0xa0 c:/progra~2/gnuarm~1/102021~1.10/bin/../lib/gcc/arm-none-eabi/10.3.1/../../../../arm-none-eabi/lib/thumb/v7e-m/nofp\libg.a(lib_a-memchr.o)
                0x080002e0                memchr
 .text          0x08000380      0x134 c:/progra~2/gnuarm~1/102021~1.10/bin/../lib/gcc/arm-none-eabi/10.3.1/../../../../arm-none-eabi/lib/thumb/v7e-m/nofp\libg.a(lib_a-memcpy.o)
                0x08000380                memcpy
 .text          0x080004b4      0x378 c:/progra~2/gnuarm~1/102021~1.10/bin/../lib/gcc/arm-none-eabi/10.3.1/thumb/v7e-m/nofp\libgcc.a(_arm_addsubdf3.o)
                0x080004b4                __aeabi_drsub
                0x080004bc                __aeabi_dsub
                0x080004bc                __subdf3
                0x080004c0                __aeabi_dadd
                0x080004c0                __adddf3
                0x08000738                __floatunsidf
                0x08000738                __aeabi_ui2d
                0x08000758                __floatsidf
                0x08000758                __aeabi_i2d
                0x0800077c                __aeabi_f2d
                0x0800077c                __extendsfdf2
                0x080007c0                __floatundidf
                0x080007c0                __aeabi_ul2d
                0x080007d0                __floatdidf
                0x080007d0                __aeabi_l2d
 .text          0x0800082c      0x424 c:/progra~2/gnuarm~1/102021~1.10/bin/../lib/gcc/arm-none-eabi/10.3.1/thumb/v7e-m/nofp\libgcc.a(_arm_muldivdf3.o)
                0x0800082c                __aeabi_dmul
                0x0800082c                __muldf3
                0x08000a80                __divdf3
                0x08000a80                __aeabi_ddiv
 .text          0x08000c50      0x110 c:/progra~2/gnuarm~1/102021~1.10/bin/../lib/gcc/arm-none-eabi/10.3.1/thumb/v7e-m/nofp\libgcc.a(_arm_cmpdf2.o)
                0x08000c50                __gtdf2
                0x08000c50                __gedf2
                0x08000c58                __ltdf2
                0x08000c58                __ledf2
                0x08000c60                __nedf2
                0x08000c60                __eqdf2
                0x08000c60                __cmpdf2
                0x08000cdc                __aeabi_cdrcmple
                0x08000cec                __aeabi_cdcmpeq
                0x08000cec                __aeabi_cdcmple
                0x08000cfc                __aeabi_dcmpeq
                0x08000d10                __aeabi_dcmplt
                0x08000d24                __aeabi_dcmple
                0x08000d38                __aeabi_dcmpge
                0x08000d4c                __aeabi_dcmpgt
 .text          0x08000d60       0x2c c:/progra~2/gnuarm~1/102021~1.10/bin/../lib/gcc/arm-none-eabi/10.3.1/thumb/v7e-m/nofp\libgcc.a(_arm_unorddf2.o)
                0x08000d60                __unorddf2
                0x08000d60                __aeabi_dcmpun
 .text          0x08000d8c       0x50 c:/progra~2/gnuarm~1/102021~1.10/bin/../lib/gcc/arm-none-eabi/10.3.1/thumb/v7e-m/nofp\libgcc.a(_arm_fixdfsi.o)
                0x08000d8c                __aeabi_d2iz
                0x08000d8c                __fixdfsi
 .text          0x08000ddc       0x30 c:/progra~2/gnuarm~1/102021~1.10/bin/../lib/gcc/arm-none-eabi/10.3.1/thumb/v7e-m/nofp\libgcc.a(_aeabi_uldivmod.o)
                0x08000ddc                __aeabi_uldivmod
 .text          0x08000e0c      0x2d0 c:/progra~2/gnuarm~1/102021~1.10/bin/../lib/gcc/arm-none-eabi/10.3.1/thumb/v7e-m/nofp\libgcc.a(_udivmoddi4.o)
                0x08000e0c                __udivmoddi4
 .text          0x080010dc        0x4 c:/progra~2/gnuarm~1/102021~1.10/bin/../lib/gcc/arm-none-eabi/10.3.1/thumb/v7e-m/nofp\libgcc.a(_dvmd_tls.o)
                0x080010dc                __aeabi_idiv0
                0x080010dc                __aeabi_ldiv0
 *(.text*)
 .text.SetSysClock
                0x080010e0       0xec CMakeFiles/F429Standard.elf.dir/Libraries/CMSIS/Device/ST/STM32F4xx/Source/Templates/system_stm32f4xx.c.obj
 .text.SystemInit
                0x080011cc       0x44 CMakeFiles/F429Standard.elf.dir/Libraries/CMSIS/Device/ST/STM32F4xx/Source/Templates/system_stm32f4xx.c.obj
                0x080011cc                SystemInit
 .text.GPIO_Init
                0x08001210       0xa6 CMakeFiles/F429Standard.elf.dir/Libraries/STM32F4xx_StdPeriph_Driver/src/stm32f4xx_gpio.c.obj
                0x08001210                GPIO_Init
 .text.GPIO_PinAFConfig
                0x080012b6       0x34 CMakeFiles/F429Standard.elf.dir/Libraries/STM32F4xx_StdPeriph_Driver/src/stm32f4xx_gpio.c.obj
                0x080012b6                GPIO_PinAFConfig
 *fill*         0x080012ea        0x2 
 .text.RCC_GetClocksFreq
                0x080012ec       0xb4 CMakeFiles/F429Standard.elf.dir/Libraries/STM32F4xx_StdPeriph_Driver/src/stm32f4xx_rcc.c.obj
                0x080012ec                RCC_GetClocksFreq
 .text.RCC_AHB1PeriphClockCmd
                0x080013a0       0x1c CMakeFiles/F429Standard.elf.dir/Libraries/STM32F4xx_StdPeriph_Driver/src/stm32f4xx_rcc.c.obj
                0x080013a0                RCC_AHB1PeriphClockCmd
 .text.RCC_APB2PeriphClockCmd
                0x080013bc       0x1c CMakeFiles/F429Standard.elf.dir/Libraries/STM32F4xx_StdPeriph_Driver/src/stm32f4xx_rcc.c.obj
                0x080013bc                RCC_APB2PeriphClockCmd
 .text.USART_Init
                0x080013d8       0xcc CMakeFiles/F429Standard.elf.dir/Libraries/STM32F4xx_StdPeriph_Driver/src/stm32f4xx_usart.c.obj
                0x080013d8                USART_Init
 .text.USART_Cmd
                0x080014a4       0x1c CMakeFiles/F429Standard.elf.dir/Libraries/STM32F4xx_StdPeriph_Driver/src/stm32f4xx_usart.c.obj
                0x080014a4                USART_Cmd
 .text.USART_SendData
                0x080014c0        0x8 CMakeFiles/F429Standard.elf.dir/Libraries/STM32F4xx_StdPeriph_Driver/src/stm32f4xx_usart.c.obj
                0x080014c0                USART_SendData
 .text.USART_ReceiveData
                0x080014c8        0x8 CMakeFiles/F429Standard.elf.dir/Libraries/STM32F4xx_StdPeriph_Driver/src/stm32f4xx_usart.c.obj
                0x080014c8                USART_ReceiveData
 .text.USART_GetFlagStatus
                0x080014d0        0xe CMakeFiles/F429Standard.elf.dir/Libraries/STM32F4xx_StdPeriph_Driver/src/stm32f4xx_usart.c.obj
                0x080014d0                USART_GetFlagStatus
 *fill*         0x080014de        0x2 
 .text.Reset_Handler
                0x080014e0       0x50 CMakeFiles/F429Standard.elf.dir/Startup/startup_stm32f429_439xx.s.obj
                0x080014e0                Reset_Handler
 .text.Default_Handler
                0x08001530        0x2 CMakeFiles/F429Standard.elf.dir/Startup/startup_stm32f429_439xx.s.obj
                0x08001530                RTC_Alarm_IRQHandler
                0x08001530                HASH_RNG_IRQHandler
                0x08001530                EXTI2_IRQHandler
                0x08001530                TIM8_CC_IRQHandler
                0x08001530                UART8_IRQHandler
                0x08001530                SPI4_IRQHandler
                0x08001530                TIM1_CC_IRQHandler
                0x08001530                DMA2_Stream5_IRQHandler
                0x08001530                DMA1_Stream5_IRQHandler
                0x08001530                PVD_IRQHandler
                0x08001530                SDIO_IRQHandler
                0x08001530                TAMP_STAMP_IRQHandler
                0x08001530                CAN2_RX1_IRQHandler
                0x08001530                EXTI3_IRQHandler
                0x08001530                TIM8_TRG_COM_TIM14_IRQHandler
                0x08001530                TIM1_UP_TIM10_IRQHandler
                0x08001530                TIM8_UP_TIM13_IRQHandler
                0x08001530                I2C3_ER_IRQHandler
                0x08001530                EXTI0_IRQHandler
                0x08001530                I2C2_EV_IRQHandler
                0x08001530                DMA1_Stream2_IRQHandler
                0x08001530                CAN1_RX0_IRQHandler
                0x08001530                FPU_IRQHandler
                0x08001530                OTG_HS_WKUP_IRQHandler
                0x08001530                LTDC_ER_IRQHandler
                0x08001530                CAN2_SCE_IRQHandler
                0x08001530                DMA2_Stream2_IRQHandler
                0x08001530                SPI1_IRQHandler
                0x08001530                TIM6_DAC_IRQHandler
                0x08001530                TIM1_BRK_TIM9_IRQHandler
                0x08001530                DCMI_IRQHandler
                0x08001530                CAN2_RX0_IRQHandler
                0x08001530                DMA2_Stream3_IRQHandler
                0x08001530                USART6_IRQHandler
                0x08001530                USART3_IRQHandler
                0x08001530                CAN1_RX1_IRQHandler
                0x08001530                UART5_IRQHandler
                0x08001530                DMA2_Stream0_IRQHandler
                0x08001530                TIM4_IRQHandler
                0x08001530                I2C1_EV_IRQHandler
                0x08001530                DMA1_Stream6_IRQHandler
                0x08001530                DMA1_Stream1_IRQHandler
                0x08001530                UART4_IRQHandler
                0x08001530                TIM3_IRQHandler
                0x08001530                RCC_IRQHandler
                0x08001530                TIM8_BRK_TIM12_IRQHandler
                0x08001530                Default_Handler
                0x08001530                EXTI15_10_IRQHandler
                0x08001530                ADC_IRQHandler
                0x08001530                DMA1_Stream7_IRQHandler
                0x08001530                SPI5_IRQHandler
                0x08001530                TIM7_IRQHandler
                0x08001530                CAN2_TX_IRQHandler
                0x08001530                TIM5_IRQHandler
                0x08001530                DMA2_Stream7_IRQHandler
                0x08001530                I2C3_EV_IRQHandler
                0x08001530                EXTI9_5_IRQHandler
                0x08001530                RTC_WKUP_IRQHandler
                0x08001530                LTDC_IRQHandler
                0x08001530                ETH_WKUP_IRQHandler
                0x08001530                SPI2_IRQHandler
                0x08001530                OTG_HS_EP1_IN_IRQHandler
                0x08001530                DMA1_Stream0_IRQHandler
                0x08001530                CAN1_TX_IRQHandler
                0x08001530                EXTI4_IRQHandler
                0x08001530                ETH_IRQHandler
                0x08001530                OTG_HS_EP1_OUT_IRQHandler
                0x08001530                WWDG_IRQHandler
                0x08001530                SPI6_IRQHandler
                0x08001530                TIM2_IRQHandler
                0x08001530                OTG_FS_WKUP_IRQHandler
                0x08001530                TIM1_TRG_COM_TIM11_IRQHandler
                0x08001530                OTG_HS_IRQHandler
                0x08001530                DMA2D_IRQHandler
                0x08001530                EXTI1_IRQHandler
                0x08001530                UART7_IRQHandler
                0x08001530                USART2_IRQHandler
                0x08001530                I2C2_ER_IRQHandler
                0x08001530                DMA2_Stream1_IRQHandler
                0x08001530                CAN1_SCE_IRQHandler
                0x08001530                FLASH_IRQHandler
                0x08001530                DMA2_Stream4_IRQHandler
                0x08001530                USART1_IRQHandler
                0x08001530                OTG_FS_IRQHandler
                0x08001530                SPI3_IRQHandler
                0x08001530                DMA1_Stream4_IRQHandler
                0x08001530                I2C1_ER_IRQHandler
                0x08001530                FMC_IRQHandler
                0x08001530                DMA2_Stream6_IRQHandler
                0x08001530                SAI1_IRQHandler
                0x08001530                DMA1_Stream3_IRQHandler
 *fill*         0x08001532        0x2 
 .text.Key_GPIO_Config
                0x08001534       0x48 CMakeFiles/F429Standard.elf.dir/User/Source/bsp_key.c.obj
                0x08001534                Key_GPIO_Config
 .text.LED_GPIO_Config
                0x0800157c       0x6c CMakeFiles/F429Standard.elf.dir/User/Source/bsp_led.c.obj
                0x0800157c                LED_GPIO_Config
 .text.USARTx_Config
                0x080015e8       0x9c CMakeFiles/F429Standard.elf.dir/User/Source/bsp_usart.c.obj
                0x080015e8                USARTx_Config
 .text.Show_Message
                0x08001684       0x80 CMakeFiles/F429Standard.elf.dir/User/Source/main.c.obj
 .text.main     0x08001704      0x114 CMakeFiles/F429Standard.elf.dir/User/Source/main.c.obj
                0x08001704                main
 .text.RetargetInit
                0x08001818       0x30 CMakeFiles/F429Standard.elf.dir/User/Source/retarget.c.obj
                0x08001818                RetargetInit
 .text.__io_putchar
                0x08001848       0x24 CMakeFiles/F429Standard.elf.dir/User/Source/retarget.c.obj
                0x08001848                __io_putchar
 .text.__io_getchar
                0x0800186c       0x20 CMakeFiles/F429Standard.elf.dir/User/Source/retarget.c.obj
                0x0800186c                __io_getchar
 .text.NMI_Handler
                0x0800188c        0x2 CMakeFiles/F429Standard.elf.dir/User/Source/stm32f4xx_it.c.obj
                0x0800188c                NMI_Handler
 .text.HardFault_Handler
                0x0800188e        0x2 CMakeFiles/F429Standard.elf.dir/User/Source/stm32f4xx_it.c.obj
                0x0800188e                HardFault_Handler
 .text.MemManage_Handler
                0x08001890        0x2 CMakeFiles/F429Standard.elf.dir/User/Source/stm32f4xx_it.c.obj
                0x08001890                MemManage_Handler
 .text.BusFault_Handler
                0x08001892        0x2 CMakeFiles/F429Standard.elf.dir/User/Source/stm32f4xx_it.c.obj
                0x08001892                BusFault_Handler
 .text.UsageFault_Handler
                0x08001894        0x2 CMakeFiles/F429Standard.elf.dir/User/Source/stm32f4xx_it.c.obj
                0x08001894                UsageFault_Handler
 .text.DebugMon_Handler
                0x08001896        0x2 CMakeFiles/F429Standard.elf.dir/User/Source/stm32f4xx_it.c.obj
                0x08001896                DebugMon_Handler
 .text.SVC_Handler
                0x08001898        0x2 CMakeFiles/F429Standard.elf.dir/User/Source/stm32f4xx_it.c.obj
                0x08001898                SVC_Handler
 .text.PendSV_Handler
                0x0800189a        0x2 CMakeFiles/F429Standard.elf.dir/User/Source/stm32f4xx_it.c.obj
                0x0800189a                PendSV_Handler
 .text.SysTick_Handler
                0x0800189c        0x2 CMakeFiles/F429Standard.elf.dir/User/Source/stm32f4xx_it.c.obj
                0x0800189c                SysTick_Handler
 .text._getpid  0x0800189e        0x4 CMakeFiles/F429Standard.elf.dir/User/Source/syscalls.c.obj
                0x0800189e                _getpid
 .text._kill    0x080018a2       0x10 CMakeFiles/F429Standard.elf.dir/User/Source/syscalls.c.obj
                0x080018a2                _kill
 .text._exit    0x080018b2        0xc CMakeFiles/F429Standard.elf.dir/User/Source/syscalls.c.obj
                0x080018b2                _exit
 .text._read    0x080018be       0x20 CMakeFiles/F429Standard.elf.dir/User/Source/syscalls.c.obj
                0x080018be                _read
 .text._write   0x080018de       0x1c CMakeFiles/F429Standard.elf.dir/User/Source/syscalls.c.obj
                0x080018de                _write
 *fill*         0x080018fa        0x2 
 .text._sbrk    0x080018fc       0x3c CMakeFiles/F429Standard.elf.dir/User/Source/syscalls.c.obj
                0x080018fc                _sbrk
 .text._close   0x08001938        0x6 CMakeFiles/F429Standard.elf.dir/User/Source/syscalls.c.obj
                0x08001938                _close
 .text._fstat   0x0800193e        0xa CMakeFiles/F429Standard.elf.dir/User/Source/syscalls.c.obj
                0x0800193e                _fstat
 .text._isatty  0x08001948        0x4 CMakeFiles/F429Standard.elf.dir/User/Source/syscalls.c.obj
                0x08001948                _isatty
 .text._lseek   0x0800194c        0x4 CMakeFiles/F429Standard.elf.dir/User/Source/syscalls.c.obj
                0x0800194c                _lseek
 .text.__errno  0x08001950        0xc c:/progra~2/gnuarm~1/102021~1.10/bin/../lib/gcc/arm-none-eabi/10.3.1/../../../../arm-none-eabi/lib/thumb/v7e-m/nofp\libg.a(lib_a-errno.o)
                0x08001950                __errno
 .text.getchar  0x0800195c       0x10 c:/progra~2/gnuarm~1/102021~1.10/bin/../lib/gcc/arm-none-eabi/10.3.1/../../../../arm-none-eabi/lib/thumb/v7e-m/nofp\libg.a(lib_a-getchar.o)
                0x0800195c                getchar
 .text.__libc_init_array
                0x0800196c       0x48 c:/progra~2/gnuarm~1/102021~1.10/bin/../lib/gcc/arm-none-eabi/10.3.1/../../../../arm-none-eabi/lib/thumb/v7e-m/nofp\libg.a(lib_a-init.o)
                0x0800196c                __libc_init_array
 .text.memset   0x080019b4       0xa4 c:/progra~2/gnuarm~1/102021~1.10/bin/../lib/gcc/arm-none-eabi/10.3.1/../../../../arm-none-eabi/lib/thumb/v7e-m/nofp\libg.a(lib_a-memset.o)
                0x080019b4                memset
 .text.printf   0x08001a58       0x28 c:/progra~2/gnuarm~1/102021~1.10/bin/../lib/gcc/arm-none-eabi/10.3.1/../../../../arm-none-eabi/lib/thumb/v7e-m/nofp\libg.a(lib_a-printf.o)
                0x08001a58                printf
 .text._puts_r  0x08001a80       0x9c c:/progra~2/gnuarm~1/102021~1.10/bin/../lib/gcc/arm-none-eabi/10.3.1/../../../../arm-none-eabi/lib/thumb/v7e-m/nofp\libg.a(lib_a-puts.o)
                0x08001a80                _puts_r
 .text.puts     0x08001b1c       0x10 c:/progra~2/gnuarm~1/102021~1.10/bin/../lib/gcc/arm-none-eabi/10.3.1/../../../../arm-none-eabi/lib/thumb/v7e-m/nofp\libg.a(lib_a-puts.o)
                0x08001b1c                puts
 .text.setvbuf  0x08001b2c      0x1b0 c:/progra~2/gnuarm~1/102021~1.10/bin/../lib/gcc/arm-none-eabi/10.3.1/../../../../arm-none-eabi/lib/thumb/v7e-m/nofp\libg.a(lib_a-setvbuf.o)
                0x08001b2c                setvbuf
 .text._vfprintf_r
                0x08001cdc     0x1ad4 c:/progra~2/gnuarm~1/102021~1.10/bin/../lib/gcc/arm-none-eabi/10.3.1/../../../../arm-none-eabi/lib/thumb/v7e-m/nofp\libg.a(lib_a-vfprintf.o)
                0x08001cdc                _vfprintf_r
 .text.__sbprintf
                0x080037b0       0x80 c:/progra~2/gnuarm~1/102021~1.10/bin/../lib/gcc/arm-none-eabi/10.3.1/../../../../arm-none-eabi/lib/thumb/v7e-m/nofp\libg.a(lib_a-vfprintf.o)
 .text.__swsetup_r
                0x08003830       0xd4 c:/progra~2/gnuarm~1/102021~1.10/bin/../lib/gcc/arm-none-eabi/10.3.1/../../../../arm-none-eabi/lib/thumb/v7e-m/nofp\libg.a(lib_a-wsetup.o)
                0x08003830                __swsetup_r
 .text.startup.register_fini
                0x08003904       0x14 c:/progra~2/gnuarm~1/102021~1.10/bin/../lib/gcc/arm-none-eabi/10.3.1/../../../../arm-none-eabi/lib/thumb/v7e-m/nofp\libg.a(lib_a-__call_atexit.o)
 .text.atexit   0x08003918        0xc c:/progra~2/gnuarm~1/102021~1.10/bin/../lib/gcc/arm-none-eabi/10.3.1/../../../../arm-none-eabi/lib/thumb/v7e-m/nofp\libg.a(lib_a-atexit.o)
                0x08003918                atexit
 .text.quorem   0x08003924      0x124 c:/progra~2/gnuarm~1/102021~1.10/bin/../lib/gcc/arm-none-eabi/10.3.1/../../../../arm-none-eabi/lib/thumb/v7e-m/nofp\libg.a(lib_a-dtoa.o)
 .text._dtoa_r  0x08003a48      0xec4 c:/progra~2/gnuarm~1/102021~1.10/bin/../lib/gcc/arm-none-eabi/10.3.1/../../../../arm-none-eabi/lib/thumb/v7e-m/nofp\libg.a(lib_a-dtoa.o)
                0x08003a48                _dtoa_r
 .text.__sflush_r
                0x0800490c      0x120 c:/progra~2/gnuarm~1/102021~1.10/bin/../lib/gcc/arm-none-eabi/10.3.1/../../../../arm-none-eabi/lib/thumb/v7e-m/nofp\libg.a(lib_a-fflush.o)
                0x0800490c                __sflush_r
 .text._fflush_r
                0x08004a2c       0x5c c:/progra~2/gnuarm~1/102021~1.10/bin/../lib/gcc/arm-none-eabi/10.3.1/../../../../arm-none-eabi/lib/thumb/v7e-m/nofp\libg.a(lib_a-fflush.o)
                0x08004a2c                _fflush_r
 .text.fflush   0x08004a88       0x74 c:/progra~2/gnuarm~1/102021~1.10/bin/../lib/gcc/arm-none-eabi/10.3.1/../../../../arm-none-eabi/lib/thumb/v7e-m/nofp\libg.a(lib_a-fflush.o)
                0x08004a88                fflush
 .text._cleanup_r
                0x08004afc        0xc c:/progra~2/gnuarm~1/102021~1.10/bin/../lib/gcc/arm-none-eabi/10.3.1/../../../../arm-none-eabi/lib/thumb/v7e-m/nofp\libg.a(lib_a-findfp.o)
                0x08004afc                _cleanup_r
 .text.__sinit  0x08004b08      0x10c c:/progra~2/gnuarm~1/102021~1.10/bin/../lib/gcc/arm-none-eabi/10.3.1/../../../../arm-none-eabi/lib/thumb/v7e-m/nofp\libg.a(lib_a-findfp.o)
                0x08004b08                __sinit
 .text.__sfp_lock_acquire
                0x08004c14        0xc c:/progra~2/gnuarm~1/102021~1.10/bin/../lib/gcc/arm-none-eabi/10.3.1/../../../../arm-none-eabi/lib/thumb/v7e-m/nofp\libg.a(lib_a-findfp.o)
                0x08004c14                __sfp_lock_acquire
 .text.__sfp_lock_release
                0x08004c20        0xc c:/progra~2/gnuarm~1/102021~1.10/bin/../lib/gcc/arm-none-eabi/10.3.1/../../../../arm-none-eabi/lib/thumb/v7e-m/nofp\libg.a(lib_a-findfp.o)
                0x08004c20                __sfp_lock_release
 .text.__libc_fini_array
                0x08004c2c       0x2c c:/progra~2/gnuarm~1/102021~1.10/bin/../lib/gcc/arm-none-eabi/10.3.1/../../../../arm-none-eabi/lib/thumb/v7e-m/nofp\libg.a(lib_a-fini.o)
                0x08004c2c                __libc_fini_array
 .text._malloc_trim_r
                0x08004c58       0xa0 c:/progra~2/gnuarm~1/102021~1.10/bin/../lib/gcc/arm-none-eabi/10.3.1/../../../../arm-none-eabi/lib/thumb/v7e-m/nofp\libg.a(lib_a-freer.o)
                0x08004c58                _malloc_trim_r
 .text._free_r  0x08004cf8      0x20c c:/progra~2/gnuarm~1/102021~1.10/bin/../lib/gcc/arm-none-eabi/10.3.1/../../../../arm-none-eabi/lib/thumb/v7e-m/nofp\libg.a(lib_a-freer.o)
                0x08004cf8                _free_r
 .text.__sfvwrite_r
                0x08004f04      0x2e8 c:/progra~2/gnuarm~1/102021~1.10/bin/../lib/gcc/arm-none-eabi/10.3.1/../../../../arm-none-eabi/lib/thumb/v7e-m/nofp\libg.a(lib_a-fvwrite.o)
                0x08004f04                __sfvwrite_r
 .text._fwalk   0x080051ec       0x40 c:/progra~2/gnuarm~1/102021~1.10/bin/../lib/gcc/arm-none-eabi/10.3.1/../../../../arm-none-eabi/lib/thumb/v7e-m/nofp\libg.a(lib_a-fwalk.o)
                0x080051ec                _fwalk
 .text._fwalk_reent
                0x0800522c       0x48 c:/progra~2/gnuarm~1/102021~1.10/bin/../lib/gcc/arm-none-eabi/10.3.1/../../../../arm-none-eabi/lib/thumb/v7e-m/nofp\libg.a(lib_a-fwalk.o)
                0x0800522c                _fwalk_reent
 .text._getc_r  0x08005274       0x60 c:/progra~2/gnuarm~1/102021~1.10/bin/../lib/gcc/arm-none-eabi/10.3.1/../../../../arm-none-eabi/lib/thumb/v7e-m/nofp\libg.a(lib_a-getc.o)
                0x08005274                _getc_r
 .text._localeconv_r
                0x080052d4        0x8 c:/progra~2/gnuarm~1/102021~1.10/bin/../lib/gcc/arm-none-eabi/10.3.1/../../../../arm-none-eabi/lib/thumb/v7e-m/nofp\libg.a(lib_a-localeconv.o)
                0x080052d4                _localeconv_r
 .text.__retarget_lock_init_recursive
                0x080052dc        0x4 c:/progra~2/gnuarm~1/102021~1.10/bin/../lib/gcc/arm-none-eabi/10.3.1/../../../../arm-none-eabi/lib/thumb/v7e-m/nofp\libg.a(lib_a-lock.o)
                0x080052dc                __retarget_lock_init_recursive
 .text.__retarget_lock_close_recursive
                0x080052e0        0x4 c:/progra~2/gnuarm~1/102021~1.10/bin/../lib/gcc/arm-none-eabi/10.3.1/../../../../arm-none-eabi/lib/thumb/v7e-m/nofp\libg.a(lib_a-lock.o)
                0x080052e0                __retarget_lock_close_recursive
 .text.__retarget_lock_acquire_recursive
                0x080052e4        0x4 c:/progra~2/gnuarm~1/102021~1.10/bin/../lib/gcc/arm-none-eabi/10.3.1/../../../../arm-none-eabi/lib/thumb/v7e-m/nofp\libg.a(lib_a-lock.o)
                0x080052e4                __retarget_lock_acquire_recursive
 .text.__retarget_lock_release_recursive
                0x080052e8        0x4 c:/progra~2/gnuarm~1/102021~1.10/bin/../lib/gcc/arm-none-eabi/10.3.1/../../../../arm-none-eabi/lib/thumb/v7e-m/nofp\libg.a(lib_a-lock.o)
                0x080052e8                __retarget_lock_release_recursive
 .text.__smakebuf_r
                0x080052ec       0xe0 c:/progra~2/gnuarm~1/102021~1.10/bin/../lib/gcc/arm-none-eabi/10.3.1/../../../../arm-none-eabi/lib/thumb/v7e-m/nofp\libg.a(lib_a-makebuf.o)
                0x080052ec                __smakebuf_r
 .text.__swhatbuf_r
                0x080053cc       0x60 c:/progra~2/gnuarm~1/102021~1.10/bin/../lib/gcc/arm-none-eabi/10.3.1/../../../../arm-none-eabi/lib/thumb/v7e-m/nofp\libg.a(lib_a-makebuf.o)
                0x080053cc                __swhatbuf_r
 .text.malloc   0x0800542c       0x10 c:/progra~2/gnuarm~1/102021~1.10/bin/../lib/gcc/arm-none-eabi/10.3.1/../../../../arm-none-eabi/lib/thumb/v7e-m/nofp\libg.a(lib_a-malloc.o)
                0x0800542c                malloc
 .text._malloc_r
                0x0800543c      0x560 c:/progra~2/gnuarm~1/102021~1.10/bin/../lib/gcc/arm-none-eabi/10.3.1/../../../../arm-none-eabi/lib/thumb/v7e-m/nofp\libg.a(lib_a-mallocr.o)
                0x0800543c                _malloc_r
 .text.memmove  0x0800599c       0xf8 c:/progra~2/gnuarm~1/102021~1.10/bin/../lib/gcc/arm-none-eabi/10.3.1/../../../../arm-none-eabi/lib/thumb/v7e-m/nofp\libg.a(lib_a-memmove.o)
                0x0800599c                memmove
 .text.__malloc_lock
                0x08005a94        0xc c:/progra~2/gnuarm~1/102021~1.10/bin/../lib/gcc/arm-none-eabi/10.3.1/../../../../arm-none-eabi/lib/thumb/v7e-m/nofp\libg.a(lib_a-mlock.o)
                0x08005a94                __malloc_lock
 .text.__malloc_unlock
                0x08005aa0        0xc c:/progra~2/gnuarm~1/102021~1.10/bin/../lib/gcc/arm-none-eabi/10.3.1/../../../../arm-none-eabi/lib/thumb/v7e-m/nofp\libg.a(lib_a-mlock.o)
                0x08005aa0                __malloc_unlock
 .text._Balloc  0x08005aac       0x4c c:/progra~2/gnuarm~1/102021~1.10/bin/../lib/gcc/arm-none-eabi/10.3.1/../../../../arm-none-eabi/lib/thumb/v7e-m/nofp\libg.a(lib_a-mprec.o)
                0x08005aac                _Balloc
 .text._Bfree   0x08005af8       0x14 c:/progra~2/gnuarm~1/102021~1.10/bin/../lib/gcc/arm-none-eabi/10.3.1/../../../../arm-none-eabi/lib/thumb/v7e-m/nofp\libg.a(lib_a-mprec.o)
                0x08005af8                _Bfree
 .text.__multadd
                0x08005b0c       0xa0 c:/progra~2/gnuarm~1/102021~1.10/bin/../lib/gcc/arm-none-eabi/10.3.1/../../../../arm-none-eabi/lib/thumb/v7e-m/nofp\libg.a(lib_a-mprec.o)
                0x08005b0c                __multadd
 .text.__hi0bits
                0x08005bac       0x40 c:/progra~2/gnuarm~1/102021~1.10/bin/../lib/gcc/arm-none-eabi/10.3.1/../../../../arm-none-eabi/lib/thumb/v7e-m/nofp\libg.a(lib_a-mprec.o)
                0x08005bac                __hi0bits
 .text.__lo0bits
                0x08005bec       0x5c c:/progra~2/gnuarm~1/102021~1.10/bin/../lib/gcc/arm-none-eabi/10.3.1/../../../../arm-none-eabi/lib/thumb/v7e-m/nofp\libg.a(lib_a-mprec.o)
                0x08005bec                __lo0bits
 .text.__i2b    0x08005c48       0x5c c:/progra~2/gnuarm~1/102021~1.10/bin/../lib/gcc/arm-none-eabi/10.3.1/../../../../arm-none-eabi/lib/thumb/v7e-m/nofp\libg.a(lib_a-mprec.o)
                0x08005c48                __i2b
 .text.__multiply
                0x08005ca4      0x15c c:/progra~2/gnuarm~1/102021~1.10/bin/../lib/gcc/arm-none-eabi/10.3.1/../../../../arm-none-eabi/lib/thumb/v7e-m/nofp\libg.a(lib_a-mprec.o)
                0x08005ca4                __multiply
 .text.__pow5mult
                0x08005e00       0xc0 c:/progra~2/gnuarm~1/102021~1.10/bin/../lib/gcc/arm-none-eabi/10.3.1/../../../../arm-none-eabi/lib/thumb/v7e-m/nofp\libg.a(lib_a-mprec.o)
                0x08005e00                __pow5mult
 .text.__lshift
                0x08005ec0       0xf0 c:/progra~2/gnuarm~1/102021~1.10/bin/../lib/gcc/arm-none-eabi/10.3.1/../../../../arm-none-eabi/lib/thumb/v7e-m/nofp\libg.a(lib_a-mprec.o)
                0x08005ec0                __lshift
 .text.__mcmp   0x08005fb0       0x40 c:/progra~2/gnuarm~1/102021~1.10/bin/../lib/gcc/arm-none-eabi/10.3.1/../../../../arm-none-eabi/lib/thumb/v7e-m/nofp\libg.a(lib_a-mprec.o)
                0x08005fb0                __mcmp
 .text.__mdiff  0x08005ff0      0x14c c:/progra~2/gnuarm~1/102021~1.10/bin/../lib/gcc/arm-none-eabi/10.3.1/../../../../arm-none-eabi/lib/thumb/v7e-m/nofp\libg.a(lib_a-mprec.o)
                0x08005ff0                __mdiff
 .text.__d2b    0x0800613c       0xc4 c:/progra~2/gnuarm~1/102021~1.10/bin/../lib/gcc/arm-none-eabi/10.3.1/../../../../arm-none-eabi/lib/thumb/v7e-m/nofp\libg.a(lib_a-mprec.o)
                0x0800613c                __d2b
 .text._realloc_r
                0x08006200      0x3d8 c:/progra~2/gnuarm~1/102021~1.10/bin/../lib/gcc/arm-none-eabi/10.3.1/../../../../arm-none-eabi/lib/thumb/v7e-m/nofp\libg.a(lib_a-reallocr.o)
                0x08006200                _realloc_r
 .text.__srget_r
                0x080065d8       0x34 c:/progra~2/gnuarm~1/102021~1.10/bin/../lib/gcc/arm-none-eabi/10.3.1/../../../../arm-none-eabi/lib/thumb/v7e-m/nofp\libg.a(lib_a-rget.o)
                0x080065d8                __srget_r
 .text.frexp    0x0800660c       0x70 c:/progra~2/gnuarm~1/102021~1.10/bin/../lib/gcc/arm-none-eabi/10.3.1/../../../../arm-none-eabi/lib/thumb/v7e-m/nofp\libg.a(lib_a-s_frexp.o)
                0x0800660c                frexp
 .text._sbrk_r  0x0800667c       0x24 c:/progra~2/gnuarm~1/102021~1.10/bin/../lib/gcc/arm-none-eabi/10.3.1/../../../../arm-none-eabi/lib/thumb/v7e-m/nofp\libg.a(lib_a-sbrkr.o)
                0x0800667c                _sbrk_r
 .text.__sread  0x080066a0       0x24 c:/progra~2/gnuarm~1/102021~1.10/bin/../lib/gcc/arm-none-eabi/10.3.1/../../../../arm-none-eabi/lib/thumb/v7e-m/nofp\libg.a(lib_a-stdio.o)
                0x080066a0                __sread
 .text.__swrite
                0x080066c4       0x40 c:/progra~2/gnuarm~1/102021~1.10/bin/../lib/gcc/arm-none-eabi/10.3.1/../../../../arm-none-eabi/lib/thumb/v7e-m/nofp\libg.a(lib_a-stdio.o)
                0x080066c4                __swrite
 .text.__sseek  0x08006704       0x20 c:/progra~2/gnuarm~1/102021~1.10/bin/../lib/gcc/arm-none-eabi/10.3.1/../../../../arm-none-eabi/lib/thumb/v7e-m/nofp\libg.a(lib_a-stdio.o)
                0x08006704                __sseek
 .text.__sclose
                0x08006724        0x8 c:/progra~2/gnuarm~1/102021~1.10/bin/../lib/gcc/arm-none-eabi/10.3.1/../../../../arm-none-eabi/lib/thumb/v7e-m/nofp\libg.a(lib_a-stdio.o)
                0x08006724                __sclose
 .text.strncpy  0x0800672c       0x64 c:/progra~2/gnuarm~1/102021~1.10/bin/../lib/gcc/arm-none-eabi/10.3.1/../../../../arm-none-eabi/lib/thumb/v7e-m/nofp\libg.a(lib_a-strncpy.o)
                0x0800672c                strncpy
 .text.__sprint_r.part.0
                0x08006790       0x78 c:/progra~2/gnuarm~1/102021~1.10/bin/../lib/gcc/arm-none-eabi/10.3.1/../../../../arm-none-eabi/lib/thumb/v7e-m/nofp\libg.a(lib_a-vfiprintf.o)
 .text.__sprint_r
                0x08006808       0x14 c:/progra~2/gnuarm~1/102021~1.10/bin/../lib/gcc/arm-none-eabi/10.3.1/../../../../arm-none-eabi/lib/thumb/v7e-m/nofp\libg.a(lib_a-vfiprintf.o)
                0x08006808                __sprint_r
 .text._vfiprintf_r
                0x0800681c      0xda0 c:/progra~2/gnuarm~1/102021~1.10/bin/../lib/gcc/arm-none-eabi/10.3.1/../../../../arm-none-eabi/lib/thumb/v7e-m/nofp\libg.a(lib_a-vfiprintf.o)
                0x0800681c                _vfiprintf_r
 .text.__sbprintf
                0x080075bc       0x80 c:/progra~2/gnuarm~1/102021~1.10/bin/../lib/gcc/arm-none-eabi/10.3.1/../../../../arm-none-eabi/lib/thumb/v7e-m/nofp\libg.a(lib_a-vfiprintf.o)
 .text._write_r
                0x0800763c       0x2c c:/progra~2/gnuarm~1/102021~1.10/bin/../lib/gcc/arm-none-eabi/10.3.1/../../../../arm-none-eabi/lib/thumb/v7e-m/nofp\libg.a(lib_a-writer.o)
                0x0800763c                _write_r
 .text.__register_exitproc
                0x08007668       0x8c c:/progra~2/gnuarm~1/102021~1.10/bin/../lib/gcc/arm-none-eabi/10.3.1/../../../../arm-none-eabi/lib/thumb/v7e-m/nofp\libg.a(lib_a-__atexit.o)
                0x08007668                __register_exitproc
 .text.__assert_func
                0x080076f4       0x40 c:/progra~2/gnuarm~1/102021~1.10/bin/../lib/gcc/arm-none-eabi/10.3.1/../../../../arm-none-eabi/lib/thumb/v7e-m/nofp\libg.a(lib_a-assert.o)
                0x080076f4                __assert_func
 .text._calloc_r
                0x08007734       0x78 c:/progra~2/gnuarm~1/102021~1.10/bin/../lib/gcc/arm-none-eabi/10.3.1/../../../../arm-none-eabi/lib/thumb/v7e-m/nofp\libg.a(lib_a-callocr.o)
                0x08007734                _calloc_r
 .text._close_r
                0x080077ac       0x24 c:/progra~2/gnuarm~1/102021~1.10/bin/../lib/gcc/arm-none-eabi/10.3.1/../../../../arm-none-eabi/lib/thumb/v7e-m/nofp\libg.a(lib_a-closer.o)
                0x080077ac                _close_r
 .text._fclose_r
                0x080077d0       0xcc c:/progra~2/gnuarm~1/102021~1.10/bin/../lib/gcc/arm-none-eabi/10.3.1/../../../../arm-none-eabi/lib/thumb/v7e-m/nofp\libg.a(lib_a-fclose.o)
                0x080077d0                _fclose_r
 .text.fiprintf
                0x0800789c       0x28 c:/progra~2/gnuarm~1/102021~1.10/bin/../lib/gcc/arm-none-eabi/10.3.1/../../../../arm-none-eabi/lib/thumb/v7e-m/nofp\libg.a(lib_a-fiprintf.o)
                0x0800789c                fiprintf
 .text.__fputwc
                0x080078c4       0xa8 c:/progra~2/gnuarm~1/102021~1.10/bin/../lib/gcc/arm-none-eabi/10.3.1/../../../../arm-none-eabi/lib/thumb/v7e-m/nofp\libg.a(lib_a-fputwc.o)
                0x080078c4                __fputwc
 .text._fputwc_r
                0x0800796c       0x68 c:/progra~2/gnuarm~1/102021~1.10/bin/../lib/gcc/arm-none-eabi/10.3.1/../../../../arm-none-eabi/lib/thumb/v7e-m/nofp\libg.a(lib_a-fputwc.o)
                0x0800796c                _fputwc_r
 .text._fstat_r
                0x080079d4       0x2c c:/progra~2/gnuarm~1/102021~1.10/bin/../lib/gcc/arm-none-eabi/10.3.1/../../../../arm-none-eabi/lib/thumb/v7e-m/nofp\libg.a(lib_a-fstatr.o)
                0x080079d4                _fstat_r
 .text._isatty_r
                0x08007a00       0x24 c:/progra~2/gnuarm~1/102021~1.10/bin/../lib/gcc/arm-none-eabi/10.3.1/../../../../arm-none-eabi/lib/thumb/v7e-m/nofp\libg.a(lib_a-isattyr.o)
                0x08007a00                _isatty_r
 .text.__locale_mb_cur_max
                0x08007a24        0xc c:/progra~2/gnuarm~1/102021~1.10/bin/../lib/gcc/arm-none-eabi/10.3.1/../../../../arm-none-eabi/lib/thumb/v7e-m/nofp\libg.a(lib_a-locale.o)
                0x08007a24                __locale_mb_cur_max
 .text._lseek_r
                0x08007a30       0x2c c:/progra~2/gnuarm~1/102021~1.10/bin/../lib/gcc/arm-none-eabi/10.3.1/../../../../arm-none-eabi/lib/thumb/v7e-m/nofp\libg.a(lib_a-lseekr.o)
                0x08007a30                _lseek_r
 .text.__ascii_mbtowc
                0x08007a5c       0x2c c:/progra~2/gnuarm~1/102021~1.10/bin/../lib/gcc/arm-none-eabi/10.3.1/../../../../arm-none-eabi/lib/thumb/v7e-m/nofp\libg.a(lib_a-mbtowc_r.o)
                0x08007a5c                __ascii_mbtowc
 .text._read_r  0x08007a88       0x2c c:/progra~2/gnuarm~1/102021~1.10/bin/../lib/gcc/arm-none-eabi/10.3.1/../../../../arm-none-eabi/lib/thumb/v7e-m/nofp\libg.a(lib_a-readr.o)
                0x08007a88                _read_r
 .text.lflush   0x08007ab4       0x14 c:/progra~2/gnuarm~1/102021~1.10/bin/../lib/gcc/arm-none-eabi/10.3.1/../../../../arm-none-eabi/lib/thumb/v7e-m/nofp\libg.a(lib_a-refill.o)
 .text.__srefill_r
                0x08007ac8      0x114 c:/progra~2/gnuarm~1/102021~1.10/bin/../lib/gcc/arm-none-eabi/10.3.1/../../../../arm-none-eabi/lib/thumb/v7e-m/nofp\libg.a(lib_a-refill.o)
                0x08007ac8                __srefill_r
 .text.__swbuf_r
                0x08007bdc       0xb0 c:/progra~2/gnuarm~1/102021~1.10/bin/../lib/gcc/arm-none-eabi/10.3.1/../../../../arm-none-eabi/lib/thumb/v7e-m/nofp\libg.a(lib_a-wbuf.o)
                0x08007bdc                __swbuf_r
 .text._wcrtomb_r
                0x08007c8c       0x3c c:/progra~2/gnuarm~1/102021~1.10/bin/../lib/gcc/arm-none-eabi/10.3.1/../../../../arm-none-eabi/lib/thumb/v7e-m/nofp\libg.a(lib_a-wcrtomb.o)
                0x08007c8c                _wcrtomb_r
 .text.__ascii_wctomb
                0x08007cc8       0x1c c:/progra~2/gnuarm~1/102021~1.10/bin/../lib/gcc/arm-none-eabi/10.3.1/../../../../arm-none-eabi/lib/thumb/v7e-m/nofp\libg.a(lib_a-wctomb_r.o)
                0x08007cc8                __ascii_wctomb
 .text.abort    0x08007ce4       0x10 c:/progra~2/gnuarm~1/102021~1.10/bin/../lib/gcc/arm-none-eabi/10.3.1/../../../../arm-none-eabi/lib/thumb/v7e-m/nofp\libg.a(lib_a-abort.o)
                0x08007ce4                abort
 .text.raise    0x08007cf4       0x5c c:/progra~2/gnuarm~1/102021~1.10/bin/../lib/gcc/arm-none-eabi/10.3.1/../../../../arm-none-eabi/lib/thumb/v7e-m/nofp\libg.a(lib_a-signal.o)
                0x08007cf4                raise
 .text._kill_r  0x08007d50       0x2c c:/progra~2/gnuarm~1/102021~1.10/bin/../lib/gcc/arm-none-eabi/10.3.1/../../../../arm-none-eabi/lib/thumb/v7e-m/nofp\libg.a(lib_a-signalr.o)
                0x08007d50                _kill_r
 .text._getpid_r
                0x08007d7c        0x4 c:/progra~2/gnuarm~1/102021~1.10/bin/../lib/gcc/arm-none-eabi/10.3.1/../../../../arm-none-eabi/lib/thumb/v7e-m/nofp\libg.a(lib_a-signalr.o)
                0x08007d7c                _getpid_r
 *(.glue_7)
 .glue_7        0x08007d80        0x0 linker stubs
 *(.glue_7t)
 .glue_7t       0x08007d80        0x0 linker stubs
 *(.eh_frame)
 .eh_frame      0x08007d80        0x0 c:/progra~2/gnuarm~1/102021~1.10/bin/../lib/gcc/arm-none-eabi/10.3.1/thumb/v7e-m/nofp/crtbegin.o
 *(.init)
 .init          0x08007d80        0x4 c:/progra~2/gnuarm~1/102021~1.10/bin/../lib/gcc/arm-none-eabi/10.3.1/thumb/v7e-m/nofp/crti.o
                0x08007d80                _init
 .init          0x08007d84        0x8 c:/progra~2/gnuarm~1/102021~1.10/bin/../lib/gcc/arm-none-eabi/10.3.1/thumb/v7e-m/nofp/crtn.o
 *(.fini)
 .fini          0x08007d8c        0x4 c:/progra~2/gnuarm~1/102021~1.10/bin/../lib/gcc/arm-none-eabi/10.3.1/thumb/v7e-m/nofp/crti.o
                0x08007d8c                _fini
 .fini          0x08007d90        0x8 c:/progra~2/gnuarm~1/102021~1.10/bin/../lib/gcc/arm-none-eabi/10.3.1/thumb/v7e-m/nofp/crtn.o
                0x08007d98                . = ALIGN (0x4)
                0x08007d98                _etext = .

.vfp11_veneer   0x08007d98        0x0
 .vfp11_veneer  0x08007d98        0x0 linker stubs

.v4_bx          0x08007d98        0x0
 .v4_bx         0x08007d98        0x0 linker stubs

.iplt           0x08007d98        0x0
 .iplt          0x08007d98        0x0 c:/progra~2/gnuarm~1/102021~1.10/bin/../lib/gcc/arm-none-eabi/10.3.1/thumb/v7e-m/nofp/crtbegin.o

.rodata         0x08007d98      0x570
                0x08007d98                . = ALIGN (0x4)
 *(.rodata)
 *(.rodata*)
 .rodata.Show_Message.str1.4
                0x08007d98      0x160 CMakeFiles/F429Standard.elf.dir/User/Source/main.c.obj
 .rodata.main.str1.4
                0x08007ef8       0x10 CMakeFiles/F429Standard.elf.dir/User/Source/main.c.obj
 .rodata._global_impure_ptr
                0x08007f08        0x4 c:/progra~2/gnuarm~1/102021~1.10/bin/../lib/gcc/arm-none-eabi/10.3.1/../../../../arm-none-eabi/lib/thumb/v7e-m/nofp\libg.a(lib_a-impure.o)
                0x08007f08                _global_impure_ptr
 .rodata._puts_r.str1.4
                0x08007f0c        0x2 c:/progra~2/gnuarm~1/102021~1.10/bin/../lib/gcc/arm-none-eabi/10.3.1/../../../../arm-none-eabi/lib/thumb/v7e-m/nofp\libg.a(lib_a-puts.o)
 *fill*         0x08007f0e        0x2 
 .rodata._vfprintf_r.str1.4
                0x08007f10       0x42 c:/progra~2/gnuarm~1/102021~1.10/bin/../lib/gcc/arm-none-eabi/10.3.1/../../../../arm-none-eabi/lib/thumb/v7e-m/nofp\libg.a(lib_a-vfprintf.o)
 *fill*         0x08007f52        0x2 
 .rodata.blanks.1
                0x08007f54       0x10 c:/progra~2/gnuarm~1/102021~1.10/bin/../lib/gcc/arm-none-eabi/10.3.1/../../../../arm-none-eabi/lib/thumb/v7e-m/nofp\libg.a(lib_a-vfprintf.o)
 .rodata.zeroes.0
                0x08007f64       0x10 c:/progra~2/gnuarm~1/102021~1.10/bin/../lib/gcc/arm-none-eabi/10.3.1/../../../../arm-none-eabi/lib/thumb/v7e-m/nofp\libg.a(lib_a-vfprintf.o)
 .rodata._dtoa_r.str1.4
                0x08007f74       0xa2 c:/progra~2/gnuarm~1/102021~1.10/bin/../lib/gcc/arm-none-eabi/10.3.1/../../../../arm-none-eabi/lib/thumb/v7e-m/nofp\libg.a(lib_a-dtoa.o)
                                 0xa6 (size before relaxing)
 *fill*         0x08008016        0x2 
 .rodata.__multadd.str1.4
                0x08008018       0x7f c:/progra~2/gnuarm~1/102021~1.10/bin/../lib/gcc/arm-none-eabi/10.3.1/../../../../arm-none-eabi/lib/thumb/v7e-m/nofp\libg.a(lib_a-mprec.o)
                                 0x93 (size before relaxing)
 *fill*         0x08008097        0x1 
 .rodata.__mprec_bigtens
                0x08008098       0x28 c:/progra~2/gnuarm~1/102021~1.10/bin/../lib/gcc/arm-none-eabi/10.3.1/../../../../arm-none-eabi/lib/thumb/v7e-m/nofp\libg.a(lib_a-mprec.o)
                0x08008098                __mprec_bigtens
 .rodata.__mprec_tens
                0x080080c0       0xc8 c:/progra~2/gnuarm~1/102021~1.10/bin/../lib/gcc/arm-none-eabi/10.3.1/../../../../arm-none-eabi/lib/thumb/v7e-m/nofp\libg.a(lib_a-mprec.o)
                0x080080c0                __mprec_tens
 .rodata.p05.0  0x08008188        0xc c:/progra~2/gnuarm~1/102021~1.10/bin/../lib/gcc/arm-none-eabi/10.3.1/../../../../arm-none-eabi/lib/thumb/v7e-m/nofp\libg.a(lib_a-mprec.o)
 .rodata._vfiprintf_r.str1.4
                0x08008194       0x2f c:/progra~2/gnuarm~1/102021~1.10/bin/../lib/gcc/arm-none-eabi/10.3.1/../../../../arm-none-eabi/lib/thumb/v7e-m/nofp\libg.a(lib_a-vfiprintf.o)
 .rodata.blanks.1
                0x08008194       0x10 c:/progra~2/gnuarm~1/102021~1.10/bin/../lib/gcc/arm-none-eabi/10.3.1/../../../../arm-none-eabi/lib/thumb/v7e-m/nofp\libg.a(lib_a-vfiprintf.o)
 .rodata.zeroes.0
                0x080081a4       0x10 c:/progra~2/gnuarm~1/102021~1.10/bin/../lib/gcc/arm-none-eabi/10.3.1/../../../../arm-none-eabi/lib/thumb/v7e-m/nofp\libg.a(lib_a-vfiprintf.o)
 .rodata.__assert_func.str1.4
                0x080081b4       0x3f c:/progra~2/gnuarm~1/102021~1.10/bin/../lib/gcc/arm-none-eabi/10.3.1/../../../../arm-none-eabi/lib/thumb/v7e-m/nofp\libg.a(lib_a-assert.o)
                                 0x43 (size before relaxing)
 *fill*         0x080081f3        0x1 
 .rodata._setlocale_r.str1.4
                0x080081f4        0xa c:/progra~2/gnuarm~1/102021~1.10/bin/../lib/gcc/arm-none-eabi/10.3.1/../../../../arm-none-eabi/lib/thumb/v7e-m/nofp\libg.a(lib_a-locale.o)
                                  0xd (size before relaxing)
 *fill*         0x080081fe        0x2 
 .rodata.str1.4
                0x08008200        0x2 c:/progra~2/gnuarm~1/102021~1.10/bin/../lib/gcc/arm-none-eabi/10.3.1/../../../../arm-none-eabi/lib/thumb/v7e-m/nofp\libg.a(lib_a-locale.o)
 *fill*         0x08008202        0x2 
 .rodata._ctype_
                0x08008204      0x101 c:/progra~2/gnuarm~1/102021~1.10/bin/../lib/gcc/arm-none-eabi/10.3.1/../../../../arm-none-eabi/lib/thumb/v7e-m/nofp\libg.a(lib_a-ctype_.o)
                0x08008204                _ctype_
                0x08008308                . = ALIGN (0x4)
 *fill*         0x08008305        0x3 

.ARM.extab      0x08008308        0x0
                0x08008308                . = ALIGN (0x4)
 *(.ARM.extab* .gnu.linkonce.armextab.*)
                0x08008308                . = ALIGN (0x4)

.ARM            0x08008308        0x8
                0x08008308                . = ALIGN (0x4)
                0x08008308                __exidx_start = .
 *(.ARM.exidx*)
 .ARM.exidx     0x08008308        0x8 c:/progra~2/gnuarm~1/102021~1.10/bin/../lib/gcc/arm-none-eabi/10.3.1/thumb/v7e-m/nofp\libgcc.a(_udivmoddi4.o)
                0x08008310                __exidx_end = .
                0x08008310                . = ALIGN (0x4)

.rel.dyn        0x08008310        0x0
 .rel.iplt      0x08008310        0x0 c:/progra~2/gnuarm~1/102021~1.10/bin/../lib/gcc/arm-none-eabi/10.3.1/thumb/v7e-m/nofp/crtbegin.o

.preinit_array  0x08008310        0x0
                0x08008310                . = ALIGN (0x4)
                0x08008310                PROVIDE (__preinit_array_start = .)
 *(.preinit_array*)
                0x08008310                PROVIDE (__preinit_array_end = .)
                0x08008310                . = ALIGN (0x4)

.init_array     0x08008310        0x8
                0x08008310                . = ALIGN (0x4)
                0x08008310                PROVIDE (__init_array_start = .)
 *(SORT_BY_NAME(.init_array.*))
 .init_array.00000
                0x08008310        0x4 c:/progra~2/gnuarm~1/102021~1.10/bin/../lib/gcc/arm-none-eabi/10.3.1/../../../../arm-none-eabi/lib/thumb/v7e-m/nofp\libg.a(lib_a-__call_atexit.o)
 *(.init_array*)
 .init_array    0x08008314        0x4 c:/progra~2/gnuarm~1/102021~1.10/bin/../lib/gcc/arm-none-eabi/10.3.1/thumb/v7e-m/nofp/crtbegin.o
                0x08008318                PROVIDE (__init_array_end = .)
                0x08008318                . = ALIGN (0x4)

.fini_array     0x08008318        0x4
                0x08008318                . = ALIGN (0x4)
                0x08008318                PROVIDE (__fini_array_start = .)
 *(SORT_BY_NAME(.fini_array.*))
 *(.fini_array*)
 .fini_array    0x08008318        0x4 c:/progra~2/gnuarm~1/102021~1.10/bin/../lib/gcc/arm-none-eabi/10.3.1/thumb/v7e-m/nofp/crtbegin.o
                0x0800831c                PROVIDE (__fini_array_end = .)
                0x0800831c                . = ALIGN (0x4)
                0x0800831c                _sidata = LOADADDR (.data)

.data           0x20000000      0x9c0 load address 0x0800831c
                0x20000000                . = ALIGN (0x4)
                0x20000000                _sdata = .
 *(.data)
 *(.data*)
 .data.APBAHBPrescTable
                0x20000000       0x10 CMakeFiles/F429Standard.elf.dir/Libraries/STM32F4xx_StdPeriph_Driver/src/stm32f4xx_rcc.c.obj
 .data._impure_ptr
                0x20000010        0x4 c:/progra~2/gnuarm~1/102021~1.10/bin/../lib/gcc/arm-none-eabi/10.3.1/../../../../arm-none-eabi/lib/thumb/v7e-m/nofp\libg.a(lib_a-impure.o)
                0x20000010                _impure_ptr
 *fill*         0x20000014        0x4 
 .data.impure_data
                0x20000018      0x428 c:/progra~2/gnuarm~1/102021~1.10/bin/../lib/gcc/arm-none-eabi/10.3.1/../../../../arm-none-eabi/lib/thumb/v7e-m/nofp\libg.a(lib_a-impure.o)
 .data.__atexit_recursive_mutex
                0x20000440        0x4 c:/progra~2/gnuarm~1/102021~1.10/bin/../lib/gcc/arm-none-eabi/10.3.1/../../../../arm-none-eabi/lib/thumb/v7e-m/nofp\libg.a(lib_a-__call_atexit.o)
                0x20000440                __atexit_recursive_mutex
 .data.__malloc_av_
                0x20000444      0x408 c:/progra~2/gnuarm~1/102021~1.10/bin/../lib/gcc/arm-none-eabi/10.3.1/../../../../arm-none-eabi/lib/thumb/v7e-m/nofp\libg.a(lib_a-mallocr.o)
                0x20000444                __malloc_av_
 .data.__malloc_sbrk_base
                0x2000084c        0x4 c:/progra~2/gnuarm~1/102021~1.10/bin/../lib/gcc/arm-none-eabi/10.3.1/../../../../arm-none-eabi/lib/thumb/v7e-m/nofp\libg.a(lib_a-mallocr.o)
                0x2000084c                __malloc_sbrk_base
 .data.__malloc_trim_threshold
                0x20000850        0x4 c:/progra~2/gnuarm~1/102021~1.10/bin/../lib/gcc/arm-none-eabi/10.3.1/../../../../arm-none-eabi/lib/thumb/v7e-m/nofp\libg.a(lib_a-mallocr.o)
                0x20000850                __malloc_trim_threshold
 .data.__global_locale
                0x20000854      0x16c c:/progra~2/gnuarm~1/102021~1.10/bin/../lib/gcc/arm-none-eabi/10.3.1/../../../../arm-none-eabi/lib/thumb/v7e-m/nofp\libg.a(lib_a-locale.o)
                0x20000854                __global_locale
 *(.RamFunc)
 *(.RamFunc*)
                0x200009c0                . = ALIGN (0x4)
                0x200009c0                _edata = .
                0x08008cdc                _siccmram = LOADADDR (.ccmram)

.igot.plt       0x200009c0        0x0 load address 0x08008cdc
 .igot.plt      0x200009c0        0x0 c:/progra~2/gnuarm~1/102021~1.10/bin/../lib/gcc/arm-none-eabi/10.3.1/thumb/v7e-m/nofp/crtbegin.o

.ccmram         0x10000000        0x0 load address 0x08008cdc
                0x10000000                . = ALIGN (0x4)
                0x10000000                _sccmram = .
 *(.ccmram)
 *(.ccmram*)
                0x10000000                . = ALIGN (0x4)
                0x10000000                _eccmram = .
                0x10000000                . = ALIGN (0x4)

.bss            0x200009c0       0x6c
                0x200009c0                _sbss = .
                0x200009c0                __bss_start__ = _sbss
 *(.bss)
 .bss           0x200009c0       0x1c c:/progra~2/gnuarm~1/102021~1.10/bin/../lib/gcc/arm-none-eabi/10.3.1/thumb/v7e-m/nofp/crtbegin.o
 *(.bss*)
 .bss.sg_retargetUsart
                0x200009dc        0x4 CMakeFiles/F429Standard.elf.dir/User/Source/retarget.c.obj
 .bss.heap_end.0
                0x200009e0        0x4 CMakeFiles/F429Standard.elf.dir/User/Source/syscalls.c.obj
 .bss.__lock___atexit_recursive_mutex
                0x200009e4        0x1 c:/progra~2/gnuarm~1/102021~1.10/bin/../lib/gcc/arm-none-eabi/10.3.1/../../../../arm-none-eabi/lib/thumb/v7e-m/nofp\libg.a(lib_a-lock.o)
                0x200009e4                __lock___atexit_recursive_mutex
 *fill*         0x200009e5        0x3 
 .bss.__lock___malloc_recursive_mutex
                0x200009e8        0x1 c:/progra~2/gnuarm~1/102021~1.10/bin/../lib/gcc/arm-none-eabi/10.3.1/../../../../arm-none-eabi/lib/thumb/v7e-m/nofp\libg.a(lib_a-lock.o)
                0x200009e8                __lock___malloc_recursive_mutex
 *fill*         0x200009e9        0x3 
 .bss.__lock___sfp_recursive_mutex
                0x200009ec        0x1 c:/progra~2/gnuarm~1/102021~1.10/bin/../lib/gcc/arm-none-eabi/10.3.1/../../../../arm-none-eabi/lib/thumb/v7e-m/nofp\libg.a(lib_a-lock.o)
                0x200009ec                __lock___sfp_recursive_mutex
 *fill*         0x200009ed        0x3 
 .bss.__lock___sinit_recursive_mutex
                0x200009f0        0x1 c:/progra~2/gnuarm~1/102021~1.10/bin/../lib/gcc/arm-none-eabi/10.3.1/../../../../arm-none-eabi/lib/thumb/v7e-m/nofp\libg.a(lib_a-lock.o)
                0x200009f0                __lock___sinit_recursive_mutex
 *fill*         0x200009f1        0x3 
 .bss.__malloc_current_mallinfo
                0x200009f4       0x28 c:/progra~2/gnuarm~1/102021~1.10/bin/../lib/gcc/arm-none-eabi/10.3.1/../../../../arm-none-eabi/lib/thumb/v7e-m/nofp\libg.a(lib_a-mallocr.o)
                0x200009f4                __malloc_current_mallinfo
 .bss.__malloc_max_sbrked_mem
                0x20000a1c        0x4 c:/progra~2/gnuarm~1/102021~1.10/bin/../lib/gcc/arm-none-eabi/10.3.1/../../../../arm-none-eabi/lib/thumb/v7e-m/nofp\libg.a(lib_a-mallocr.o)
                0x20000a1c                __malloc_max_sbrked_mem
 .bss.__malloc_max_total_mem
                0x20000a20        0x4 c:/progra~2/gnuarm~1/102021~1.10/bin/../lib/gcc/arm-none-eabi/10.3.1/../../../../arm-none-eabi/lib/thumb/v7e-m/nofp\libg.a(lib_a-mallocr.o)
                0x20000a20                __malloc_max_total_mem
 .bss.__malloc_top_pad
                0x20000a24        0x4 c:/progra~2/gnuarm~1/102021~1.10/bin/../lib/gcc/arm-none-eabi/10.3.1/../../../../arm-none-eabi/lib/thumb/v7e-m/nofp\libg.a(lib_a-mallocr.o)
                0x20000a24                __malloc_top_pad
 .bss.errno     0x20000a28        0x4 c:/progra~2/gnuarm~1/102021~1.10/bin/../lib/gcc/arm-none-eabi/10.3.1/../../../../arm-none-eabi/lib/thumb/v7e-m/nofp\libg.a(lib_a-reent.o)
                0x20000a28                errno
 *(COMMON)
                0x20000a2c                . = ALIGN (0x4)
                0x20000a2c                _ebss = .
                0x20000a2c                __bss_end__ = _ebss

._user_heap_stack
                0x20000a2c      0x604
                0x20000a30                . = ALIGN (0x8)
 *fill*         0x20000a2c        0x4 
                0x20000a30                PROVIDE (end = .)
                [!provide]                PROVIDE (_end = .)
                0x20000c30                . = (. + _Min_Heap_Size)
 *fill*         0x20000a30      0x200 
                0x20001030                . = (. + _Min_Stack_Size)
 *fill*         0x20000c30      0x400 
                0x20001030                . = ALIGN (0x8)

/DISCARD/
 libc.a(*)
 libm.a(*)
 libgcc.a(*)

.ARM.attributes
                0x00000000       0x2a
 *(.ARM.attributes)
 .ARM.attributes
                0x00000000       0x1e c:/progra~2/gnuarm~1/102021~1.10/bin/../lib/gcc/arm-none-eabi/10.3.1/thumb/v7e-m/nofp/crti.o
 .ARM.attributes
                0x0000001e       0x2e c:/progra~2/gnuarm~1/102021~1.10/bin/../lib/gcc/arm-none-eabi/10.3.1/thumb/v7e-m/nofp/crtbegin.o
 .ARM.attributes
                0x0000004c       0x2e CMakeFiles/F429Standard.elf.dir/Libraries/CMSIS/Device/ST/STM32F4xx/Source/Templates/system_stm32f4xx.c.obj
 .ARM.attributes
                0x0000007a       0x2e CMakeFiles/F429Standard.elf.dir/Libraries/STM32F4xx_StdPeriph_Driver/src/stm32f4xx_gpio.c.obj
 .ARM.attributes
                0x000000a8       0x2e CMakeFiles/F429Standard.elf.dir/Libraries/STM32F4xx_StdPeriph_Driver/src/stm32f4xx_rcc.c.obj
 .ARM.attributes
                0x000000d6       0x2e CMakeFiles/F429Standard.elf.dir/Libraries/STM32F4xx_StdPeriph_Driver/src/stm32f4xx_usart.c.obj
 .ARM.attributes
                0x00000104       0x21 CMakeFiles/F429Standard.elf.dir/Startup/startup_stm32f429_439xx.s.obj
 .ARM.attributes
                0x00000125       0x2e CMakeFiles/F429Standard.elf.dir/User/Source/bsp_key.c.obj
 .ARM.attributes
                0x00000153       0x2e CMakeFiles/F429Standard.elf.dir/User/Source/bsp_led.c.obj
 .ARM.attributes
                0x00000181       0x2e CMakeFiles/F429Standard.elf.dir/User/Source/bsp_usart.c.obj
 .ARM.attributes
                0x000001af       0x2e CMakeFiles/F429Standard.elf.dir/User/Source/main.c.obj
 .ARM.attributes
                0x000001dd       0x2e CMakeFiles/F429Standard.elf.dir/User/Source/retarget.c.obj
 .ARM.attributes
                0x0000020b       0x2e CMakeFiles/F429Standard.elf.dir/User/Source/stm32f4xx_it.c.obj
 .ARM.attributes
                0x00000239       0x2e CMakeFiles/F429Standard.elf.dir/User/Source/syscalls.c.obj
 .ARM.attributes
                0x00000267       0x2e c:/progra~2/gnuarm~1/102021~1.10/bin/../lib/gcc/arm-none-eabi/10.3.1/../../../../arm-none-eabi/lib/thumb/v7e-m/nofp\libg.a(lib_a-errno.o)
 .ARM.attributes
                0x00000295       0x2e c:/progra~2/gnuarm~1/102021~1.10/bin/../lib/gcc/arm-none-eabi/10.3.1/../../../../arm-none-eabi/lib/thumb/v7e-m/nofp\libg.a(lib_a-getchar.o)
 .ARM.attributes
                0x000002c3       0x2e c:/progra~2/gnuarm~1/102021~1.10/bin/../lib/gcc/arm-none-eabi/10.3.1/../../../../arm-none-eabi/lib/thumb/v7e-m/nofp\libg.a(lib_a-impure.o)
 .ARM.attributes
                0x000002f1       0x2e c:/progra~2/gnuarm~1/102021~1.10/bin/../lib/gcc/arm-none-eabi/10.3.1/../../../../arm-none-eabi/lib/thumb/v7e-m/nofp\libg.a(lib_a-init.o)
 .ARM.attributes
                0x0000031f       0x2e c:/progra~2/gnuarm~1/102021~1.10/bin/../lib/gcc/arm-none-eabi/10.3.1/../../../../arm-none-eabi/lib/thumb/v7e-m/nofp\libg.a(lib_a-memset.o)
 .ARM.attributes
                0x0000034d       0x2e c:/progra~2/gnuarm~1/102021~1.10/bin/../lib/gcc/arm-none-eabi/10.3.1/../../../../arm-none-eabi/lib/thumb/v7e-m/nofp\libg.a(lib_a-printf.o)
 .ARM.attributes
                0x0000037b       0x2e c:/progra~2/gnuarm~1/102021~1.10/bin/../lib/gcc/arm-none-eabi/10.3.1/../../../../arm-none-eabi/lib/thumb/v7e-m/nofp\libg.a(lib_a-puts.o)
 .ARM.attributes
                0x000003a9       0x2e c:/progra~2/gnuarm~1/102021~1.10/bin/../lib/gcc/arm-none-eabi/10.3.1/../../../../arm-none-eabi/lib/thumb/v7e-m/nofp\libg.a(lib_a-setvbuf.o)
 .ARM.attributes
                0x000003d7       0x1c c:/progra~2/gnuarm~1/102021~1.10/bin/../lib/gcc/arm-none-eabi/10.3.1/../../../../arm-none-eabi/lib/thumb/v7e-m/nofp\libg.a(lib_a-strlen.o)
 .ARM.attributes
                0x000003f3       0x2e c:/progra~2/gnuarm~1/102021~1.10/bin/../lib/gcc/arm-none-eabi/10.3.1/../../../../arm-none-eabi/lib/thumb/v7e-m/nofp\libg.a(lib_a-vfprintf.o)
 .ARM.attributes
                0x00000421       0x2e c:/progra~2/gnuarm~1/102021~1.10/bin/../lib/gcc/arm-none-eabi/10.3.1/../../../../arm-none-eabi/lib/thumb/v7e-m/nofp\libg.a(lib_a-wsetup.o)
 .ARM.attributes
                0x0000044f       0x2e c:/progra~2/gnuarm~1/102021~1.10/bin/../lib/gcc/arm-none-eabi/10.3.1/../../../../arm-none-eabi/lib/thumb/v7e-m/nofp\libg.a(lib_a-__call_atexit.o)
 .ARM.attributes
                0x0000047d       0x2e c:/progra~2/gnuarm~1/102021~1.10/bin/../lib/gcc/arm-none-eabi/10.3.1/../../../../arm-none-eabi/lib/thumb/v7e-m/nofp\libg.a(lib_a-atexit.o)
 .ARM.attributes
                0x000004ab       0x2e c:/progra~2/gnuarm~1/102021~1.10/bin/../lib/gcc/arm-none-eabi/10.3.1/../../../../arm-none-eabi/lib/thumb/v7e-m/nofp\libg.a(lib_a-dtoa.o)
 .ARM.attributes
                0x000004d9       0x2e c:/progra~2/gnuarm~1/102021~1.10/bin/../lib/gcc/arm-none-eabi/10.3.1/../../../../arm-none-eabi/lib/thumb/v7e-m/nofp\libg.a(lib_a-fflush.o)
 .ARM.attributes
                0x00000507       0x2e c:/progra~2/gnuarm~1/102021~1.10/bin/../lib/gcc/arm-none-eabi/10.3.1/../../../../arm-none-eabi/lib/thumb/v7e-m/nofp\libg.a(lib_a-findfp.o)
 .ARM.attributes
                0x00000535       0x2e c:/progra~2/gnuarm~1/102021~1.10/bin/../lib/gcc/arm-none-eabi/10.3.1/../../../../arm-none-eabi/lib/thumb/v7e-m/nofp\libg.a(lib_a-fini.o)
 .ARM.attributes
                0x00000563       0x2e c:/progra~2/gnuarm~1/102021~1.10/bin/../lib/gcc/arm-none-eabi/10.3.1/../../../../arm-none-eabi/lib/thumb/v7e-m/nofp\libg.a(lib_a-freer.o)
 .ARM.attributes
                0x00000591       0x2e c:/progra~2/gnuarm~1/102021~1.10/bin/../lib/gcc/arm-none-eabi/10.3.1/../../../../arm-none-eabi/lib/thumb/v7e-m/nofp\libg.a(lib_a-fvwrite.o)
 .ARM.attributes
                0x000005bf       0x2e c:/progra~2/gnuarm~1/102021~1.10/bin/../lib/gcc/arm-none-eabi/10.3.1/../../../../arm-none-eabi/lib/thumb/v7e-m/nofp\libg.a(lib_a-fwalk.o)
 .ARM.attributes
                0x000005ed       0x2e c:/progra~2/gnuarm~1/102021~1.10/bin/../lib/gcc/arm-none-eabi/10.3.1/../../../../arm-none-eabi/lib/thumb/v7e-m/nofp\libg.a(lib_a-getc.o)
 .ARM.attributes
                0x0000061b       0x2e c:/progra~2/gnuarm~1/102021~1.10/bin/../lib/gcc/arm-none-eabi/10.3.1/../../../../arm-none-eabi/lib/thumb/v7e-m/nofp\libg.a(lib_a-localeconv.o)
 .ARM.attributes
                0x00000649       0x2e c:/progra~2/gnuarm~1/102021~1.10/bin/../lib/gcc/arm-none-eabi/10.3.1/../../../../arm-none-eabi/lib/thumb/v7e-m/nofp\libg.a(lib_a-lock.o)
 .ARM.attributes
                0x00000677       0x2e c:/progra~2/gnuarm~1/102021~1.10/bin/../lib/gcc/arm-none-eabi/10.3.1/../../../../arm-none-eabi/lib/thumb/v7e-m/nofp\libg.a(lib_a-makebuf.o)
 .ARM.attributes
                0x000006a5       0x2e c:/progra~2/gnuarm~1/102021~1.10/bin/../lib/gcc/arm-none-eabi/10.3.1/../../../../arm-none-eabi/lib/thumb/v7e-m/nofp\libg.a(lib_a-malloc.o)
 .ARM.attributes
                0x000006d3       0x2e c:/progra~2/gnuarm~1/102021~1.10/bin/../lib/gcc/arm-none-eabi/10.3.1/../../../../arm-none-eabi/lib/thumb/v7e-m/nofp\libg.a(lib_a-mallocr.o)
 .ARM.attributes
                0x00000701       0x1c c:/progra~2/gnuarm~1/102021~1.10/bin/../lib/gcc/arm-none-eabi/10.3.1/../../../../arm-none-eabi/lib/thumb/v7e-m/nofp\libg.a(lib_a-memchr.o)
 .ARM.attributes
                0x0000071d       0x1c c:/progra~2/gnuarm~1/102021~1.10/bin/../lib/gcc/arm-none-eabi/10.3.1/../../../../arm-none-eabi/lib/thumb/v7e-m/nofp\libg.a(lib_a-memcpy.o)
 .ARM.attributes
                0x00000739       0x2e c:/progra~2/gnuarm~1/102021~1.10/bin/../lib/gcc/arm-none-eabi/10.3.1/../../../../arm-none-eabi/lib/thumb/v7e-m/nofp\libg.a(lib_a-memmove.o)
 .ARM.attributes
                0x00000767       0x2e c:/progra~2/gnuarm~1/102021~1.10/bin/../lib/gcc/arm-none-eabi/10.3.1/../../../../arm-none-eabi/lib/thumb/v7e-m/nofp\libg.a(lib_a-mlock.o)
 .ARM.attributes
                0x00000795       0x2e c:/progra~2/gnuarm~1/102021~1.10/bin/../lib/gcc/arm-none-eabi/10.3.1/../../../../arm-none-eabi/lib/thumb/v7e-m/nofp\libg.a(lib_a-mprec.o)
 .ARM.attributes
                0x000007c3       0x2e c:/progra~2/gnuarm~1/102021~1.10/bin/../lib/gcc/arm-none-eabi/10.3.1/../../../../arm-none-eabi/lib/thumb/v7e-m/nofp\libg.a(lib_a-reallocr.o)
 .ARM.attributes
                0x000007f1       0x2e c:/progra~2/gnuarm~1/102021~1.10/bin/../lib/gcc/arm-none-eabi/10.3.1/../../../../arm-none-eabi/lib/thumb/v7e-m/nofp\libg.a(lib_a-rget.o)
 .ARM.attributes
                0x0000081f       0x2e c:/progra~2/gnuarm~1/102021~1.10/bin/../lib/gcc/arm-none-eabi/10.3.1/../../../../arm-none-eabi/lib/thumb/v7e-m/nofp\libg.a(lib_a-s_frexp.o)
 .ARM.attributes
                0x0000084d       0x2e c:/progra~2/gnuarm~1/102021~1.10/bin/../lib/gcc/arm-none-eabi/10.3.1/../../../../arm-none-eabi/lib/thumb/v7e-m/nofp\libg.a(lib_a-sbrkr.o)
 .ARM.attributes
                0x0000087b       0x2e c:/progra~2/gnuarm~1/102021~1.10/bin/../lib/gcc/arm-none-eabi/10.3.1/../../../../arm-none-eabi/lib/thumb/v7e-m/nofp\libg.a(lib_a-stdio.o)
 .ARM.attributes
                0x000008a9       0x2e c:/progra~2/gnuarm~1/102021~1.10/bin/../lib/gcc/arm-none-eabi/10.3.1/../../../../arm-none-eabi/lib/thumb/v7e-m/nofp\libg.a(lib_a-strncpy.o)
 .ARM.attributes
                0x000008d7       0x2e c:/progra~2/gnuarm~1/102021~1.10/bin/../lib/gcc/arm-none-eabi/10.3.1/../../../../arm-none-eabi/lib/thumb/v7e-m/nofp\libg.a(lib_a-vfiprintf.o)
 .ARM.attributes
                0x00000905       0x2e c:/progra~2/gnuarm~1/102021~1.10/bin/../lib/gcc/arm-none-eabi/10.3.1/../../../../arm-none-eabi/lib/thumb/v7e-m/nofp\libg.a(lib_a-writer.o)
 .ARM.attributes
                0x00000933       0x2e c:/progra~2/gnuarm~1/102021~1.10/bin/../lib/gcc/arm-none-eabi/10.3.1/../../../../arm-none-eabi/lib/thumb/v7e-m/nofp\libg.a(lib_a-__atexit.o)
 .ARM.attributes
                0x00000961       0x2e c:/progra~2/gnuarm~1/102021~1.10/bin/../lib/gcc/arm-none-eabi/10.3.1/../../../../arm-none-eabi/lib/thumb/v7e-m/nofp\libg.a(lib_a-assert.o)
 .ARM.attributes
                0x0000098f       0x2e c:/progra~2/gnuarm~1/102021~1.10/bin/../lib/gcc/arm-none-eabi/10.3.1/../../../../arm-none-eabi/lib/thumb/v7e-m/nofp\libg.a(lib_a-callocr.o)
 .ARM.attributes
                0x000009bd       0x2e c:/progra~2/gnuarm~1/102021~1.10/bin/../lib/gcc/arm-none-eabi/10.3.1/../../../../arm-none-eabi/lib/thumb/v7e-m/nofp\libg.a(lib_a-closer.o)
 .ARM.attributes
                0x000009eb       0x2e c:/progra~2/gnuarm~1/102021~1.10/bin/../lib/gcc/arm-none-eabi/10.3.1/../../../../arm-none-eabi/lib/thumb/v7e-m/nofp\libg.a(lib_a-fclose.o)
 .ARM.attributes
                0x00000a19       0x2e c:/progra~2/gnuarm~1/102021~1.10/bin/../lib/gcc/arm-none-eabi/10.3.1/../../../../arm-none-eabi/lib/thumb/v7e-m/nofp\libg.a(lib_a-fiprintf.o)
 .ARM.attributes
                0x00000a47       0x2e c:/progra~2/gnuarm~1/102021~1.10/bin/../lib/gcc/arm-none-eabi/10.3.1/../../../../arm-none-eabi/lib/thumb/v7e-m/nofp\libg.a(lib_a-fputwc.o)
 .ARM.attributes
                0x00000a75       0x2e c:/progra~2/gnuarm~1/102021~1.10/bin/../lib/gcc/arm-none-eabi/10.3.1/../../../../arm-none-eabi/lib/thumb/v7e-m/nofp\libg.a(lib_a-fstatr.o)
 .ARM.attributes
                0x00000aa3       0x2e c:/progra~2/gnuarm~1/102021~1.10/bin/../lib/gcc/arm-none-eabi/10.3.1/../../../../arm-none-eabi/lib/thumb/v7e-m/nofp\libg.a(lib_a-isattyr.o)
 .ARM.attributes
                0x00000ad1       0x2e c:/progra~2/gnuarm~1/102021~1.10/bin/../lib/gcc/arm-none-eabi/10.3.1/../../../../arm-none-eabi/lib/thumb/v7e-m/nofp\libg.a(lib_a-locale.o)
 .ARM.attributes
                0x00000aff       0x2e c:/progra~2/gnuarm~1/102021~1.10/bin/../lib/gcc/arm-none-eabi/10.3.1/../../../../arm-none-eabi/lib/thumb/v7e-m/nofp\libg.a(lib_a-lseekr.o)
 .ARM.attributes
                0x00000b2d       0x2e c:/progra~2/gnuarm~1/102021~1.10/bin/../lib/gcc/arm-none-eabi/10.3.1/../../../../arm-none-eabi/lib/thumb/v7e-m/nofp\libg.a(lib_a-mbtowc_r.o)
 .ARM.attributes
                0x00000b5b       0x2e c:/progra~2/gnuarm~1/102021~1.10/bin/../lib/gcc/arm-none-eabi/10.3.1/../../../../arm-none-eabi/lib/thumb/v7e-m/nofp\libg.a(lib_a-readr.o)
 .ARM.attributes
                0x00000b89       0x2e c:/progra~2/gnuarm~1/102021~1.10/bin/../lib/gcc/arm-none-eabi/10.3.1/../../../../arm-none-eabi/lib/thumb/v7e-m/nofp\libg.a(lib_a-reent.o)
 .ARM.attributes
                0x00000bb7       0x2e c:/progra~2/gnuarm~1/102021~1.10/bin/../lib/gcc/arm-none-eabi/10.3.1/../../../../arm-none-eabi/lib/thumb/v7e-m/nofp\libg.a(lib_a-refill.o)
 .ARM.attributes
                0x00000be5       0x2e c:/progra~2/gnuarm~1/102021~1.10/bin/../lib/gcc/arm-none-eabi/10.3.1/../../../../arm-none-eabi/lib/thumb/v7e-m/nofp\libg.a(lib_a-wbuf.o)
 .ARM.attributes
                0x00000c13       0x2e c:/progra~2/gnuarm~1/102021~1.10/bin/../lib/gcc/arm-none-eabi/10.3.1/../../../../arm-none-eabi/lib/thumb/v7e-m/nofp\libg.a(lib_a-wcrtomb.o)
 .ARM.attributes
                0x00000c41       0x2e c:/progra~2/gnuarm~1/102021~1.10/bin/../lib/gcc/arm-none-eabi/10.3.1/../../../../arm-none-eabi/lib/thumb/v7e-m/nofp\libg.a(lib_a-wctomb_r.o)
 .ARM.attributes
                0x00000c6f       0x2e c:/progra~2/gnuarm~1/102021~1.10/bin/../lib/gcc/arm-none-eabi/10.3.1/../../../../arm-none-eabi/lib/thumb/v7e-m/nofp\libg.a(lib_a-abort.o)
 .ARM.attributes
                0x00000c9d       0x2e c:/progra~2/gnuarm~1/102021~1.10/bin/../lib/gcc/arm-none-eabi/10.3.1/../../../../arm-none-eabi/lib/thumb/v7e-m/nofp\libg.a(lib_a-ctype_.o)
 .ARM.attributes
                0x00000ccb       0x2e c:/progra~2/gnuarm~1/102021~1.10/bin/../lib/gcc/arm-none-eabi/10.3.1/../../../../arm-none-eabi/lib/thumb/v7e-m/nofp\libg.a(lib_a-signal.o)
 .ARM.attributes
                0x00000cf9       0x2e c:/progra~2/gnuarm~1/102021~1.10/bin/../lib/gcc/arm-none-eabi/10.3.1/../../../../arm-none-eabi/lib/thumb/v7e-m/nofp\libg.a(lib_a-signalr.o)
 .ARM.attributes
                0x00000d27       0x1e c:/progra~2/gnuarm~1/102021~1.10/bin/../lib/gcc/arm-none-eabi/10.3.1/thumb/v7e-m/nofp\libgcc.a(_arm_addsubdf3.o)
 .ARM.attributes
                0x00000d45       0x1e c:/progra~2/gnuarm~1/102021~1.10/bin/../lib/gcc/arm-none-eabi/10.3.1/thumb/v7e-m/nofp\libgcc.a(_arm_muldivdf3.o)
 .ARM.attributes
                0x00000d63       0x1e c:/progra~2/gnuarm~1/102021~1.10/bin/../lib/gcc/arm-none-eabi/10.3.1/thumb/v7e-m/nofp\libgcc.a(_arm_cmpdf2.o)
 .ARM.attributes
                0x00000d81       0x1e c:/progra~2/gnuarm~1/102021~1.10/bin/../lib/gcc/arm-none-eabi/10.3.1/thumb/v7e-m/nofp\libgcc.a(_arm_unorddf2.o)
 .ARM.attributes
                0x00000d9f       0x1e c:/progra~2/gnuarm~1/102021~1.10/bin/../lib/gcc/arm-none-eabi/10.3.1/thumb/v7e-m/nofp\libgcc.a(_arm_fixdfsi.o)
 .ARM.attributes
                0x00000dbd       0x1e c:/progra~2/gnuarm~1/102021~1.10/bin/../lib/gcc/arm-none-eabi/10.3.1/thumb/v7e-m/nofp\libgcc.a(_aeabi_uldivmod.o)
 .ARM.attributes
                0x00000ddb       0x2e c:/progra~2/gnuarm~1/102021~1.10/bin/../lib/gcc/arm-none-eabi/10.3.1/thumb/v7e-m/nofp\libgcc.a(_udivmoddi4.o)
 .ARM.attributes
                0x00000e09       0x1e c:/progra~2/gnuarm~1/102021~1.10/bin/../lib/gcc/arm-none-eabi/10.3.1/thumb/v7e-m/nofp\libgcc.a(_dvmd_tls.o)
 .ARM.attributes
                0x00000e27       0x1e c:/progra~2/gnuarm~1/102021~1.10/bin/../lib/gcc/arm-none-eabi/10.3.1/thumb/v7e-m/nofp/crtn.o
OUTPUT(F429Standard.elf elf32-littlearm)
LOAD linker stubs
LOAD c:/progra~2/gnuarm~1/102021~1.10/bin/../lib/gcc/arm-none-eabi/10.3.1/../../../../arm-none-eabi/lib/thumb/v7e-m/nofp\libc.a
LOAD c:/progra~2/gnuarm~1/102021~1.10/bin/../lib/gcc/arm-none-eabi/10.3.1/../../../../arm-none-eabi/lib/thumb/v7e-m/nofp\libm.a
LOAD c:/progra~2/gnuarm~1/102021~1.10/bin/../lib/gcc/arm-none-eabi/10.3.1/thumb/v7e-m/nofp\libgcc.a

.debug_info     0x00000000     0x5b3e
 .debug_info    0x00000000      0x661 CMakeFiles/F429Standard.elf.dir/Libraries/CMSIS/Device/ST/STM32F4xx/Source/Templates/system_stm32f4xx.c.obj
 .debug_info    0x00000661      0x8b1 CMakeFiles/F429Standard.elf.dir/Libraries/STM32F4xx_StdPeriph_Driver/src/stm32f4xx_gpio.c.obj
 .debug_info    0x00000f12     0x1016 CMakeFiles/F429Standard.elf.dir/Libraries/STM32F4xx_StdPeriph_Driver/src/stm32f4xx_rcc.c.obj
 .debug_info    0x00001f28      0xc72 CMakeFiles/F429Standard.elf.dir/Libraries/STM32F4xx_StdPeriph_Driver/src/stm32f4xx_usart.c.obj
 .debug_info    0x00002b9a       0x22 CMakeFiles/F429Standard.elf.dir/Startup/startup_stm32f429_439xx.s.obj
 .debug_info    0x00002bbc      0x407 CMakeFiles/F429Standard.elf.dir/User/Source/bsp_key.c.obj
 .debug_info    0x00002fc3      0x361 CMakeFiles/F429Standard.elf.dir/User/Source/bsp_led.c.obj
 .debug_info    0x00003324      0xeea CMakeFiles/F429Standard.elf.dir/User/Source/bsp_usart.c.obj
 .debug_info    0x0000420e      0x486 CMakeFiles/F429Standard.elf.dir/User/Source/main.c.obj
 .debug_info    0x00004694      0xb67 CMakeFiles/F429Standard.elf.dir/User/Source/retarget.c.obj
 .debug_info    0x000051fb      0x10e CMakeFiles/F429Standard.elf.dir/User/Source/stm32f4xx_it.c.obj
 .debug_info    0x00005309      0x835 CMakeFiles/F429Standard.elf.dir/User/Source/syscalls.c.obj

.debug_abbrev   0x00000000     0x12f5
 .debug_abbrev  0x00000000      0x187 CMakeFiles/F429Standard.elf.dir/Libraries/CMSIS/Device/ST/STM32F4xx/Source/Templates/system_stm32f4xx.c.obj
 .debug_abbrev  0x00000187      0x20e CMakeFiles/F429Standard.elf.dir/Libraries/STM32F4xx_StdPeriph_Driver/src/stm32f4xx_gpio.c.obj
 .debug_abbrev  0x00000395      0x204 CMakeFiles/F429Standard.elf.dir/Libraries/STM32F4xx_StdPeriph_Driver/src/stm32f4xx_rcc.c.obj
 .debug_abbrev  0x00000599      0x1cd CMakeFiles/F429Standard.elf.dir/Libraries/STM32F4xx_StdPeriph_Driver/src/stm32f4xx_usart.c.obj
 .debug_abbrev  0x00000766       0x12 CMakeFiles/F429Standard.elf.dir/Startup/startup_stm32f429_439xx.s.obj
 .debug_abbrev  0x00000778      0x1a0 CMakeFiles/F429Standard.elf.dir/User/Source/bsp_key.c.obj
 .debug_abbrev  0x00000918      0x145 CMakeFiles/F429Standard.elf.dir/User/Source/bsp_led.c.obj
 .debug_abbrev  0x00000a5d      0x275 CMakeFiles/F429Standard.elf.dir/User/Source/bsp_usart.c.obj
 .debug_abbrev  0x00000cd2      0x15e CMakeFiles/F429Standard.elf.dir/User/Source/main.c.obj
 .debug_abbrev  0x00000e30      0x2a7 CMakeFiles/F429Standard.elf.dir/User/Source/retarget.c.obj
 .debug_abbrev  0x000010d7       0x44 CMakeFiles/F429Standard.elf.dir/User/Source/stm32f4xx_it.c.obj
 .debug_abbrev  0x0000111b      0x1da CMakeFiles/F429Standard.elf.dir/User/Source/syscalls.c.obj

.debug_loc      0x00000000     0x1ea9
 .debug_loc     0x00000000      0x158 CMakeFiles/F429Standard.elf.dir/Libraries/CMSIS/Device/ST/STM32F4xx/Source/Templates/system_stm32f4xx.c.obj
 .debug_loc     0x00000158      0x417 CMakeFiles/F429Standard.elf.dir/Libraries/STM32F4xx_StdPeriph_Driver/src/stm32f4xx_gpio.c.obj
 .debug_loc     0x0000056f      0xba6 CMakeFiles/F429Standard.elf.dir/Libraries/STM32F4xx_StdPeriph_Driver/src/stm32f4xx_rcc.c.obj
 .debug_loc     0x00001115      0x7ec CMakeFiles/F429Standard.elf.dir/Libraries/STM32F4xx_StdPeriph_Driver/src/stm32f4xx_usart.c.obj
 .debug_loc     0x00001901       0x47 CMakeFiles/F429Standard.elf.dir/User/Source/bsp_key.c.obj
 .debug_loc     0x00001948       0x79 CMakeFiles/F429Standard.elf.dir/User/Source/bsp_usart.c.obj
 .debug_loc     0x000019c1       0x4d CMakeFiles/F429Standard.elf.dir/User/Source/main.c.obj
 .debug_loc     0x00001a0e       0x65 CMakeFiles/F429Standard.elf.dir/User/Source/retarget.c.obj
 .debug_loc     0x00001a73      0x436 CMakeFiles/F429Standard.elf.dir/User/Source/syscalls.c.obj

.debug_aranges  0x00000000      0x590
 .debug_aranges
                0x00000000       0x30 CMakeFiles/F429Standard.elf.dir/Libraries/CMSIS/Device/ST/STM32F4xx/Source/Templates/system_stm32f4xx.c.obj
 .debug_aranges
                0x00000030       0x88 CMakeFiles/F429Standard.elf.dir/Libraries/STM32F4xx_StdPeriph_Driver/src/stm32f4xx_gpio.c.obj
 .debug_aranges
                0x000000b8      0x1c0 CMakeFiles/F429Standard.elf.dir/Libraries/STM32F4xx_StdPeriph_Driver/src/stm32f4xx_rcc.c.obj
 .debug_aranges
                0x00000278      0x100 CMakeFiles/F429Standard.elf.dir/Libraries/STM32F4xx_StdPeriph_Driver/src/stm32f4xx_usart.c.obj
 .debug_aranges
                0x00000378       0x28 CMakeFiles/F429Standard.elf.dir/Startup/startup_stm32f429_439xx.s.obj
 .debug_aranges
                0x000003a0       0x30 CMakeFiles/F429Standard.elf.dir/User/Source/bsp_key.c.obj
 .debug_aranges
                0x000003d0       0x20 CMakeFiles/F429Standard.elf.dir/User/Source/bsp_led.c.obj
 .debug_aranges
                0x000003f0       0x30 CMakeFiles/F429Standard.elf.dir/User/Source/bsp_usart.c.obj
 .debug_aranges
                0x00000420       0x30 CMakeFiles/F429Standard.elf.dir/User/Source/main.c.obj
 .debug_aranges
                0x00000450       0x30 CMakeFiles/F429Standard.elf.dir/User/Source/retarget.c.obj
 .debug_aranges
                0x00000480       0x60 CMakeFiles/F429Standard.elf.dir/User/Source/stm32f4xx_it.c.obj
 .debug_aranges
                0x000004e0       0xb0 CMakeFiles/F429Standard.elf.dir/User/Source/syscalls.c.obj

.debug_ranges   0x00000000      0x4d8
 .debug_ranges  0x00000000       0x20 CMakeFiles/F429Standard.elf.dir/Libraries/CMSIS/Device/ST/STM32F4xx/Source/Templates/system_stm32f4xx.c.obj
 .debug_ranges  0x00000020       0x78 CMakeFiles/F429Standard.elf.dir/Libraries/STM32F4xx_StdPeriph_Driver/src/stm32f4xx_gpio.c.obj
 .debug_ranges  0x00000098      0x1b0 CMakeFiles/F429Standard.elf.dir/Libraries/STM32F4xx_StdPeriph_Driver/src/stm32f4xx_rcc.c.obj
 .debug_ranges  0x00000248       0xf0 CMakeFiles/F429Standard.elf.dir/Libraries/STM32F4xx_StdPeriph_Driver/src/stm32f4xx_usart.c.obj
 .debug_ranges  0x00000338       0x20 CMakeFiles/F429Standard.elf.dir/Startup/startup_stm32f429_439xx.s.obj
 .debug_ranges  0x00000358       0x20 CMakeFiles/F429Standard.elf.dir/User/Source/bsp_key.c.obj
 .debug_ranges  0x00000378       0x10 CMakeFiles/F429Standard.elf.dir/User/Source/bsp_led.c.obj
 .debug_ranges  0x00000388       0x20 CMakeFiles/F429Standard.elf.dir/User/Source/bsp_usart.c.obj
 .debug_ranges  0x000003a8       0x20 CMakeFiles/F429Standard.elf.dir/User/Source/main.c.obj
 .debug_ranges  0x000003c8       0x20 CMakeFiles/F429Standard.elf.dir/User/Source/retarget.c.obj
 .debug_ranges  0x000003e8       0x50 CMakeFiles/F429Standard.elf.dir/User/Source/stm32f4xx_it.c.obj
 .debug_ranges  0x00000438       0xa0 CMakeFiles/F429Standard.elf.dir/User/Source/syscalls.c.obj

.debug_line     0x00000000     0x33e0
 .debug_line    0x00000000      0x471 CMakeFiles/F429Standard.elf.dir/Libraries/CMSIS/Device/ST/STM32F4xx/Source/Templates/system_stm32f4xx.c.obj
 .debug_line    0x00000471      0x598 CMakeFiles/F429Standard.elf.dir/Libraries/STM32F4xx_StdPeriph_Driver/src/stm32f4xx_gpio.c.obj
 .debug_line    0x00000a09      0xcac CMakeFiles/F429Standard.elf.dir/Libraries/STM32F4xx_StdPeriph_Driver/src/stm32f4xx_rcc.c.obj
 .debug_line    0x000016b5      0x92d CMakeFiles/F429Standard.elf.dir/Libraries/STM32F4xx_StdPeriph_Driver/src/stm32f4xx_usart.c.obj
 .debug_line    0x00001fe2       0x9a CMakeFiles/F429Standard.elf.dir/Startup/startup_stm32f429_439xx.s.obj
 .debug_line    0x0000207c      0x26a CMakeFiles/F429Standard.elf.dir/User/Source/bsp_key.c.obj
 .debug_line    0x000022e6      0x200 CMakeFiles/F429Standard.elf.dir/User/Source/bsp_led.c.obj
 .debug_line    0x000024e6      0x379 CMakeFiles/F429Standard.elf.dir/User/Source/bsp_usart.c.obj
 .debug_line    0x0000285f      0x2f0 CMakeFiles/F429Standard.elf.dir/User/Source/main.c.obj
 .debug_line    0x00002b4f      0x2f5 CMakeFiles/F429Standard.elf.dir/User/Source/retarget.c.obj
 .debug_line    0x00002e44      0x155 CMakeFiles/F429Standard.elf.dir/User/Source/stm32f4xx_it.c.obj
 .debug_line    0x00002f99      0x447 CMakeFiles/F429Standard.elf.dir/User/Source/syscalls.c.obj

.debug_str      0x00000000     0x1ae9
 .debug_str     0x00000000      0x3cf CMakeFiles/F429Standard.elf.dir/Libraries/CMSIS/Device/ST/STM32F4xx/Source/Templates/system_stm32f4xx.c.obj
                                0x43b (size before relaxing)
 .debug_str     0x000003cf      0x35d CMakeFiles/F429Standard.elf.dir/Libraries/STM32F4xx_StdPeriph_Driver/src/stm32f4xx_gpio.c.obj
                                0x50a (size before relaxing)
 .debug_str     0x0000072c      0x6cf CMakeFiles/F429Standard.elf.dir/Libraries/STM32F4xx_StdPeriph_Driver/src/stm32f4xx_rcc.c.obj
                                0xa1d (size before relaxing)
 .debug_str     0x00000dfb      0x43f CMakeFiles/F429Standard.elf.dir/Libraries/STM32F4xx_StdPeriph_Driver/src/stm32f4xx_usart.c.obj
                                0x722 (size before relaxing)
 .debug_str     0x0000123a       0x48 CMakeFiles/F429Standard.elf.dir/Startup/startup_stm32f429_439xx.s.obj
                                 0x72 (size before relaxing)
 .debug_str     0x00001282       0x6b CMakeFiles/F429Standard.elf.dir/User/Source/bsp_key.c.obj
                                0x3e6 (size before relaxing)
 .debug_str     0x000012ed       0x3e CMakeFiles/F429Standard.elf.dir/User/Source/bsp_led.c.obj
                                0x39e (size before relaxing)
 .debug_str     0x0000132b      0x3fe CMakeFiles/F429Standard.elf.dir/User/Source/bsp_usart.c.obj
                                0x8e7 (size before relaxing)
 .debug_str     0x00001729       0x60 CMakeFiles/F429Standard.elf.dir/User/Source/main.c.obj
                                0x2e6 (size before relaxing)
 .debug_str     0x00001789       0x75 CMakeFiles/F429Standard.elf.dir/User/Source/retarget.c.obj
                                0x67d (size before relaxing)
 .debug_str     0x000017fe       0xc3 CMakeFiles/F429Standard.elf.dir/User/Source/stm32f4xx_it.c.obj
                                0x236 (size before relaxing)
 .debug_str     0x000018c1      0x228 CMakeFiles/F429Standard.elf.dir/User/Source/syscalls.c.obj
                                0x44c (size before relaxing)

.comment        0x00000000       0x49
 .comment       0x00000000       0x49 CMakeFiles/F429Standard.elf.dir/Libraries/CMSIS/Device/ST/STM32F4xx/Source/Templates/system_stm32f4xx.c.obj
                                 0x4a (size before relaxing)
 .comment       0x00000049       0x4a CMakeFiles/F429Standard.elf.dir/Libraries/STM32F4xx_StdPeriph_Driver/src/stm32f4xx_gpio.c.obj
 .comment       0x00000049       0x4a CMakeFiles/F429Standard.elf.dir/Libraries/STM32F4xx_StdPeriph_Driver/src/stm32f4xx_rcc.c.obj
 .comment       0x00000049       0x4a CMakeFiles/F429Standard.elf.dir/Libraries/STM32F4xx_StdPeriph_Driver/src/stm32f4xx_usart.c.obj
 .comment       0x00000049       0x4a CMakeFiles/F429Standard.elf.dir/User/Source/bsp_key.c.obj
 .comment       0x00000049       0x4a CMakeFiles/F429Standard.elf.dir/User/Source/bsp_led.c.obj
 .comment       0x00000049       0x4a CMakeFiles/F429Standard.elf.dir/User/Source/bsp_usart.c.obj
 .comment       0x00000049       0x4a CMakeFiles/F429Standard.elf.dir/User/Source/main.c.obj
 .comment       0x00000049       0x4a CMakeFiles/F429Standard.elf.dir/User/Source/retarget.c.obj
 .comment       0x00000049       0x4a CMakeFiles/F429Standard.elf.dir/User/Source/stm32f4xx_it.c.obj
 .comment       0x00000049       0x4a CMakeFiles/F429Standard.elf.dir/User/Source/syscalls.c.obj

.debug_frame    0x00000000     0x21fc
 .debug_frame   0x00000000       0x54 CMakeFiles/F429Standard.elf.dir/Libraries/CMSIS/Device/ST/STM32F4xx/Source/Templates/system_stm32f4xx.c.obj
 .debug_frame   0x00000054      0x118 CMakeFiles/F429Standard.elf.dir/Libraries/STM32F4xx_StdPeriph_Driver/src/stm32f4xx_gpio.c.obj
 .debug_frame   0x0000016c      0x378 CMakeFiles/F429Standard.elf.dir/Libraries/STM32F4xx_StdPeriph_Driver/src/stm32f4xx_rcc.c.obj
 .debug_frame   0x000004e4      0x204 CMakeFiles/F429Standard.elf.dir/Libraries/STM32F4xx_StdPeriph_Driver/src/stm32f4xx_usart.c.obj
 .debug_frame   0x000006e8       0x60 CMakeFiles/F429Standard.elf.dir/User/Source/bsp_key.c.obj
 .debug_frame   0x00000748       0x34 CMakeFiles/F429Standard.elf.dir/User/Source/bsp_led.c.obj
 .debug_frame   0x0000077c       0x64 CMakeFiles/F429Standard.elf.dir/User/Source/bsp_usart.c.obj
 .debug_frame   0x000007e0       0x58 CMakeFiles/F429Standard.elf.dir/User/Source/main.c.obj
 .debug_frame   0x00000838       0x58 CMakeFiles/F429Standard.elf.dir/User/Source/retarget.c.obj
 .debug_frame   0x00000890       0xa0 CMakeFiles/F429Standard.elf.dir/User/Source/stm32f4xx_it.c.obj
 .debug_frame   0x00000930      0x1a8 CMakeFiles/F429Standard.elf.dir/User/Source/syscalls.c.obj
 .debug_frame   0x00000ad8       0x20 c:/progra~2/gnuarm~1/102021~1.10/bin/../lib/gcc/arm-none-eabi/10.3.1/../../../../arm-none-eabi/lib/thumb/v7e-m/nofp\libg.a(lib_a-errno.o)
 .debug_frame   0x00000af8       0x30 c:/progra~2/gnuarm~1/102021~1.10/bin/../lib/gcc/arm-none-eabi/10.3.1/../../../../arm-none-eabi/lib/thumb/v7e-m/nofp\libg.a(lib_a-getchar.o)
 .debug_frame   0x00000b28       0x2c c:/progra~2/gnuarm~1/102021~1.10/bin/../lib/gcc/arm-none-eabi/10.3.1/../../../../arm-none-eabi/lib/thumb/v7e-m/nofp\libg.a(lib_a-init.o)
 .debug_frame   0x00000b54       0x2c c:/progra~2/gnuarm~1/102021~1.10/bin/../lib/gcc/arm-none-eabi/10.3.1/../../../../arm-none-eabi/lib/thumb/v7e-m/nofp\libg.a(lib_a-memset.o)
 .debug_frame   0x00000b80       0x74 c:/progra~2/gnuarm~1/102021~1.10/bin/../lib/gcc/arm-none-eabi/10.3.1/../../../../arm-none-eabi/lib/thumb/v7e-m/nofp\libg.a(lib_a-printf.o)
 .debug_frame   0x00000bf4       0x4c c:/progra~2/gnuarm~1/102021~1.10/bin/../lib/gcc/arm-none-eabi/10.3.1/../../../../arm-none-eabi/lib/thumb/v7e-m/nofp\libg.a(lib_a-puts.o)
 .debug_frame   0x00000c40       0x48 c:/progra~2/gnuarm~1/102021~1.10/bin/../lib/gcc/arm-none-eabi/10.3.1/../../../../arm-none-eabi/lib/thumb/v7e-m/nofp\libg.a(lib_a-setvbuf.o)
 .debug_frame   0x00000c88       0x94 c:/progra~2/gnuarm~1/102021~1.10/bin/../lib/gcc/arm-none-eabi/10.3.1/../../../../arm-none-eabi/lib/thumb/v7e-m/nofp\libg.a(lib_a-vfprintf.o)
 .debug_frame   0x00000d1c       0x2c c:/progra~2/gnuarm~1/102021~1.10/bin/../lib/gcc/arm-none-eabi/10.3.1/../../../../arm-none-eabi/lib/thumb/v7e-m/nofp\libg.a(lib_a-wsetup.o)
 .debug_frame   0x00000d48       0x5c c:/progra~2/gnuarm~1/102021~1.10/bin/../lib/gcc/arm-none-eabi/10.3.1/../../../../arm-none-eabi/lib/thumb/v7e-m/nofp\libg.a(lib_a-__call_atexit.o)
 .debug_frame   0x00000da4       0x20 c:/progra~2/gnuarm~1/102021~1.10/bin/../lib/gcc/arm-none-eabi/10.3.1/../../../../arm-none-eabi/lib/thumb/v7e-m/nofp\libg.a(lib_a-atexit.o)
 .debug_frame   0x00000dc4       0x8c c:/progra~2/gnuarm~1/102021~1.10/bin/../lib/gcc/arm-none-eabi/10.3.1/../../../../arm-none-eabi/lib/thumb/v7e-m/nofp\libg.a(lib_a-dtoa.o)
 .debug_frame   0x00000e50       0x70 c:/progra~2/gnuarm~1/102021~1.10/bin/../lib/gcc/arm-none-eabi/10.3.1/../../../../arm-none-eabi/lib/thumb/v7e-m/nofp\libg.a(lib_a-fflush.o)
 .debug_frame   0x00000ec0      0x154 c:/progra~2/gnuarm~1/102021~1.10/bin/../lib/gcc/arm-none-eabi/10.3.1/../../../../arm-none-eabi/lib/thumb/v7e-m/nofp\libg.a(lib_a-findfp.o)
 .debug_frame   0x00001014       0x34 c:/progra~2/gnuarm~1/102021~1.10/bin/../lib/gcc/arm-none-eabi/10.3.1/../../../../arm-none-eabi/lib/thumb/v7e-m/nofp\libg.a(lib_a-fini.o)
 .debug_frame   0x00001048       0x8c c:/progra~2/gnuarm~1/102021~1.10/bin/../lib/gcc/arm-none-eabi/10.3.1/../../../../arm-none-eabi/lib/thumb/v7e-m/nofp\libg.a(lib_a-freer.o)
 .debug_frame   0x000010d4       0x64 c:/progra~2/gnuarm~1/102021~1.10/bin/../lib/gcc/arm-none-eabi/10.3.1/../../../../arm-none-eabi/lib/thumb/v7e-m/nofp\libg.a(lib_a-fvwrite.o)
 .debug_frame   0x00001138       0x54 c:/progra~2/gnuarm~1/102021~1.10/bin/../lib/gcc/arm-none-eabi/10.3.1/../../../../arm-none-eabi/lib/thumb/v7e-m/nofp\libg.a(lib_a-fwalk.o)
 .debug_frame   0x0000118c       0x48 c:/progra~2/gnuarm~1/102021~1.10/bin/../lib/gcc/arm-none-eabi/10.3.1/../../../../arm-none-eabi/lib/thumb/v7e-m/nofp\libg.a(lib_a-getc.o)
 .debug_frame   0x000011d4       0x40 c:/progra~2/gnuarm~1/102021~1.10/bin/../lib/gcc/arm-none-eabi/10.3.1/../../../../arm-none-eabi/lib/thumb/v7e-m/nofp\libg.a(lib_a-localeconv.o)
 .debug_frame   0x00001214       0xb0 c:/progra~2/gnuarm~1/102021~1.10/bin/../lib/gcc/arm-none-eabi/10.3.1/../../../../arm-none-eabi/lib/thumb/v7e-m/nofp\libg.a(lib_a-lock.o)
 .debug_frame   0x000012c4       0x70 c:/progra~2/gnuarm~1/102021~1.10/bin/../lib/gcc/arm-none-eabi/10.3.1/../../../../arm-none-eabi/lib/thumb/v7e-m/nofp\libg.a(lib_a-makebuf.o)
 .debug_frame   0x00001334       0x30 c:/progra~2/gnuarm~1/102021~1.10/bin/../lib/gcc/arm-none-eabi/10.3.1/../../../../arm-none-eabi/lib/thumb/v7e-m/nofp\libg.a(lib_a-malloc.o)
 .debug_frame   0x00001364       0x4c c:/progra~2/gnuarm~1/102021~1.10/bin/../lib/gcc/arm-none-eabi/10.3.1/../../../../arm-none-eabi/lib/thumb/v7e-m/nofp\libg.a(lib_a-mallocr.o)
 .debug_frame   0x000013b0       0x40 c:/progra~2/gnuarm~1/102021~1.10/bin/../lib/gcc/arm-none-eabi/10.3.1/../../../../arm-none-eabi/lib/thumb/v7e-m/nofp\libg.a(lib_a-memmove.o)
 .debug_frame   0x000013f0       0x30 c:/progra~2/gnuarm~1/102021~1.10/bin/../lib/gcc/arm-none-eabi/10.3.1/../../../../arm-none-eabi/lib/thumb/v7e-m/nofp\libg.a(lib_a-mlock.o)
 .debug_frame   0x00001420      0x264 c:/progra~2/gnuarm~1/102021~1.10/bin/../lib/gcc/arm-none-eabi/10.3.1/../../../../arm-none-eabi/lib/thumb/v7e-m/nofp\libg.a(lib_a-mprec.o)
 .debug_frame   0x00001684       0x48 c:/progra~2/gnuarm~1/102021~1.10/bin/../lib/gcc/arm-none-eabi/10.3.1/../../../../arm-none-eabi/lib/thumb/v7e-m/nofp\libg.a(lib_a-reallocr.o)
 .debug_frame   0x000016cc       0x48 c:/progra~2/gnuarm~1/102021~1.10/bin/../lib/gcc/arm-none-eabi/10.3.1/../../../../arm-none-eabi/lib/thumb/v7e-m/nofp\libg.a(lib_a-rget.o)
 .debug_frame   0x00001714       0x30 c:/progra~2/gnuarm~1/102021~1.10/bin/../lib/gcc/arm-none-eabi/10.3.1/../../../../arm-none-eabi/lib/thumb/v7e-m/nofp\libg.a(lib_a-s_frexp.o)
 .debug_frame   0x00001744       0x2c c:/progra~2/gnuarm~1/102021~1.10/bin/../lib/gcc/arm-none-eabi/10.3.1/../../../../arm-none-eabi/lib/thumb/v7e-m/nofp\libg.a(lib_a-sbrkr.o)
 .debug_frame   0x00001770       0x8c c:/progra~2/gnuarm~1/102021~1.10/bin/../lib/gcc/arm-none-eabi/10.3.1/../../../../arm-none-eabi/lib/thumb/v7e-m/nofp\libg.a(lib_a-stdio.o)
 .debug_frame   0x000017fc       0x2c c:/progra~2/gnuarm~1/102021~1.10/bin/../lib/gcc/arm-none-eabi/10.3.1/../../../../arm-none-eabi/lib/thumb/v7e-m/nofp\libg.a(lib_a-strncpy.o)